
> ai-machinery-atlas@1.2.0 test
> npm run build && npm run validate:content && node --experimental-strip-types --test scripts/deep-math.test.mjs scripts/numeric-math.test.mjs scripts/infrastructure-depth.test.mjs scripts/investigations.test.mjs scripts/learning-progress.test.mjs scripts/process-mechanisms.test.mjs scripts/delivery.test.mjs scripts/portable.test.mjs scripts/lesson-contract.test.mjs scripts/architecture-execution.test.mjs scripts/fabrication-flow.test.mjs scripts/operating-hall.test.mjs scripts/realization.test.mjs scripts/memory-interfaces.test.mjs scripts/memory-integration.test.mjs scripts/evaluated-applications.test.mjs scripts/orbital-mission.test.mjs scripts/progress-evidence.test.mjs scripts/studio-record.test.mjs scripts/studio-lessons.test.mjs scripts/distributed-output-bridges.test.mjs scripts/hardware-reliability.test.mjs scripts/closed-loop.test.mjs scripts/ai-family-models.test.mjs scripts/evaluation-report.test.mjs scripts/application-decisions.test.mjs scripts/portable-experiment-storage.test.mjs scripts/process-cell-acceptance.test.mjs scripts/model-lifecycle-serving.test.mjs scripts/model-lifecycle-speculation.test.mjs scripts/data-lineage.test.mjs scripts/factory-execution.test.mjs scripts/memory-workload-bridge.test.mjs scripts/ranking-application.test.mjs scripts/matrix-network.test.mjs scripts/decoder-projection.test.mjs scripts/connected-walkthrough.test.mjs scripts/automation-learning-model.test.mjs scripts/model-lifecycle-distributed.test.mjs scripts/commissioning-execution.test.mjs scripts/model-lifecycle-curriculum.test.mjs scripts/automation-learning.test.mjs scripts/learning-map.test.mjs scripts/foundation-models.test.mjs scripts/model-lifecycle.test.mjs scripts/automation-execution.test.mjs scripts/machine-execution.test.mjs && npm run validate:teaching


> ai-machinery-atlas@1.2.0 prebuild
> node scripts/generate-equations.mjs && node scripts/generate-catalog.mjs && node --experimental-strip-types scripts/generate-learning-map.mjs && node scripts/package-learning-materials.mjs

Generated navigation index and 311 independently cached lesson files.
Generated lifecycle facets and scoped mechanisms for 311 canonical lessons.
instructor-kit.zip: 56 files, 102592 bytes
realization-artifact.zip: 54 files, 87450 bytes

> ai-machinery-atlas@1.2.0 build
> tsc --noEmit && vite build

vite v8.0.13 building client environment for production...
[2Ktransforming...✓ 2164 modules transformed.
rendering chunks...
computing gzip size...
dist/index.html                                              1.54 kB │ gzip:   0.76 kB
dist/build-info.json                                         1.87 kB │ gzip:   0.85 kB
dist/assets/KaTeX_Size3-Regular-CTq5MqoE.woff                4.42 kB
dist/assets/KaTeX_Size4-Regular-Dl5lxZxV.woff2               4.92 kB
dist/assets/KaTeX_Size2-Regular-Dy4dx90m.woff2               5.20 kB
dist/assets/KaTeX_Size1-Regular-mCD8mA8B.woff2               5.46 kB
dist/assets/KaTeX_Size4-Regular-BF-4gkZK.woff                5.98 kB
dist/assets/KaTeX_Size2-Regular-oD1tc_U0.woff                6.18 kB
dist/assets/KaTeX_Size1-Regular-C195tn64.woff                6.49 kB
dist/assets/KaTeX_Caligraphic-Regular-Di6jR-x-.woff2         6.90 kB
dist/assets/KaTeX_Caligraphic-Bold-Dq_IR9rO.woff2            6.91 kB
dist/assets/KaTeX_Size3-Regular-DgpXs0kz.ttf                 7.58 kB
dist/assets/KaTeX_Caligraphic-Regular-CTRA-rTL.woff          7.65 kB
dist/assets/KaTeX_Caligraphic-Bold-BEiXGLvX.woff             7.71 kB
dist/assets/KaTeX_Script-Regular-D3wIWfF6.woff2              9.64 kB
dist/assets/KaTeX_SansSerif-Regular-DDBCnlJ7.woff2          10.34 kB
dist/assets/KaTeX_Size4-Regular-DWFBv043.ttf                10.36 kB
dist/assets/KaTeX_Script-Regular-D5yQViql.woff              10.58 kB
dist/assets/KaTeX_Fraktur-Regular-CTYiF6lA.woff2            11.31 kB
dist/assets/KaTeX_Fraktur-Bold-CL6g_b3V.woff2               11.34 kB
dist/assets/KaTeX_Size2-Regular-B7gKUWhC.ttf                11.50 kB
dist/assets/KaTeX_SansSerif-Italic-C3H0VqGB.woff2           12.02 kB
dist/assets/KaTeX_SansSerif-Bold-D1sUS0GD.woff2             12.21 kB
dist/assets/KaTeX_Size1-Regular-Dbsnue_I.ttf                12.22 kB
dist/assets/KaTeX_SansSerif-Regular-CS6fqUqJ.woff           12.31 kB
dist/assets/KaTeX_Caligraphic-Regular-wX97UBjC.ttf          12.34 kB
dist/assets/KaTeX_Caligraphic-Bold-ATXxdsX0.ttf             12.36 kB
dist/assets/KaTeX_Fraktur-Regular-Dxdc4cR9.woff             13.20 kB
dist/assets/KaTeX_Fraktur-Bold-BsDP51OF.woff                13.29 kB
dist/assets/KaTeX_Typewriter-Regular-CO6r4hn1.woff2         13.56 kB
dist/assets/KaTeX_SansSerif-Italic-DN2j7dab.woff            14.11 kB
dist/assets/KaTeX_SansSerif-Bold-DbIhKOiC.woff              14.40 kB
dist/assets/KaTeX_Typewriter-Regular-C0xS9mPB.woff          16.02 kB
dist/assets/KaTeX_Math-BoldItalic-CZnvNsCZ.woff2            16.40 kB
dist/assets/KaTeX_Math-Italic-t53AETM-.woff2                16.44 kB
dist/assets/KaTeX_Script-Regular-C5JkGWo-.ttf               16.64 kB
dist/assets/KaTeX_Main-BoldItalic-DxDJ3AOS.woff2            16.78 kB
dist/assets/KaTeX_Main-Italic-NWA7e6Wa.woff2                16.98 kB
dist/assets/KaTeX_Math-BoldItalic-iY-2wyZ7.woff             18.66 kB
dist/assets/KaTeX_Math-Italic-DA0__PXp.woff                 18.74 kB
dist/assets/KaTeX_Main-BoldItalic-SpSLRI95.woff             19.41 kB
dist/assets/KaTeX_SansSerif-Regular-BNo7hRIc.ttf            19.43 kB
dist/assets/KaTeX_Fraktur-Regular-CB_wures.ttf              19.57 kB
dist/assets/KaTeX_Fraktur-Bold-BdnERNNW.ttf                 19.58 kB
dist/assets/KaTeX_Main-Italic-BMLOBm91.woff                 19.67 kB
dist/assets/KaTeX_SansSerif-Italic-YYjJ1zSn.ttf             22.36 kB
dist/assets/geist-mono-latin-pyAoGB9p.woff2                 23.10 kB
dist/assets/KaTeX_SansSerif-Bold-CFMepnvq.ttf               24.50 kB
dist/assets/KaTeX_Main-Bold-Cx986IdX.woff2                  25.32 kB
dist/assets/KaTeX_Main-Regular-B22Nviop.woff2               26.27 kB
dist/assets/KaTeX_Typewriter-Regular-D3Ib7_Hf.ttf           27.55 kB
dist/assets/KaTeX_AMS-Regular-BQhdFMY1.woff2                28.07 kB
dist/assets/geist-latin-BGnTDqni.woff2                      29.28 kB
dist/assets/KaTeX_Main-Bold-Jm3AIy58.woff                   29.91 kB
dist/assets/KaTeX_Main-Regular-Dr94JaBh.woff                30.77 kB
dist/assets/KaTeX_Math-BoldItalic-B3XSjfu4.ttf              31.19 kB
dist/assets/KaTeX_Math-Italic-flOr_0UB.ttf                  31.30 kB
dist/assets/KaTeX_Main-BoldItalic-DzxPMmG6.ttf              32.96 kB
dist/assets/KaTeX_AMS-Regular-DMm9YOAa.woff                 33.51 kB
dist/assets/KaTeX_Main-Italic-3WenGoN9.ttf                  33.58 kB
dist/assets/KaTeX_Main-Bold-waoOVXN0.ttf                    51.33 kB
dist/assets/KaTeX_Main-Regular-ypZvNtVU.ttf                 53.58 kB
dist/assets/KaTeX_AMS-Regular-DRggAlZN.ttf                  63.63 kB
dist/assets/retrieval-learning-explorer-DHIUvSbu.css         1.36 kB │ gzip:   0.53 kB
dist/assets/memory-workload-explorer-wHNFBmhn.css            1.44 kB │ gzip:   0.52 kB
dist/assets/data-lineage-explorer-J4TDY-DW.css               1.51 kB │ gzip:   0.54 kB
dist/assets/model-lifecycle-DiuAWFgX.css                     1.52 kB │ gzip:   0.63 kB
dist/assets/closed-loop-ODr1OuoE.css                         1.56 kB │ gzip:   0.60 kB
dist/assets/learning-map-BvN0Vgqg.css                        1.62 kB │ gzip:   0.61 kB
dist/assets/ai-family-explorer-CjkjinsC.css                  1.66 kB │ gzip:   0.67 kB
dist/assets/model-lifecycle-serving-DvO7KX84.css             1.70 kB │ gzip:   0.68 kB
dist/assets/matrix-network-YIRBWOMm.css                      1.78 kB │ gzip:   0.59 kB
dist/assets/model-lifecycle-distributed-CieFQl9k.css         1.90 kB │ gzip:   0.61 kB
dist/assets/automation-explorer-pZUYyF-0.css                 1.93 kB │ gzip:   0.63 kB
dist/assets/foundation-explorer-DofvRqvU.css                 2.29 kB │ gzip:   0.87 kB
dist/assets/process-mechanism-1gCgwnz9.css                   3.32 kB │ gzip:   1.07 kB
dist/assets/decoder-projection-B3ZhEnMo.css                  3.33 kB │ gzip:   1.03 kB
dist/assets/factory-execution-DyCmNUr_.css                   4.67 kB │ gzip:   1.55 kB
dist/assets/ranking-application-DaamO6Ni.css                 5.08 kB │ gzip:   1.60 kB
dist/assets/process-cell-acceptance-D9Z26G8_.css             5.74 kB │ gzip:   1.76 kB
dist/assets/commissioning-execution-JgSIFure.css             6.24 kB │ gzip:   1.74 kB
dist/assets/hardware-reliability-Da-F-ojp.css                6.30 kB │ gzip:   1.60 kB
dist/assets/numeric-workbench-zr4sIq8-.css                   6.95 kB │ gzip:   1.72 kB
dist/assets/machine-execution-Bee8UVRv.css                   7.32 kB │ gzip:   2.00 kB
dist/assets/engineering-studio-BH_Zlt6p.css                  7.43 kB │ gzip:   2.10 kB
dist/assets/investigations-C0pOLDD-.css                      8.54 kB │ gzip:   2.16 kB
dist/assets/equation-C7GNpW_k.css                           29.38 kB │ gzip:   7.93 kB
dist/assets/index-0AWf6N-u.css                              86.97 kB │ gzip:  18.19 kB
dist/assets/model-lifecycle-data-PKKuJH9Z.js                 1.84 kB │ gzip:   1.08 kB
dist/assets/studio-primitives-Cpci9NUR.js                    3.32 kB │ gzip:   1.35 kB
dist/assets/process-spatial-C6Em2l9U.js                      3.38 kB │ gzip:   1.71 kB
dist/assets/automation-fixtures-DpI4pPgR.js                  3.80 kB │ gzip:   1.69 kB
dist/assets/numeric-labs-BEBtIEeg.js                         4.19 kB │ gzip:   2.04 kB
dist/assets/equations-process-cell-learning-CaraupCw.js      4.54 kB │ gzip:   1.73 kB
dist/assets/reference-system-CWPh44tD.js                     4.61 kB │ gzip:   2.32 kB
dist/assets/portable-experiment-k2sd7FTi.js                  6.01 kB │ gzip:   2.34 kB
dist/assets/investigation-models-CnqenI35.js                 7.53 kB │ gzip:   3.34 kB
dist/assets/numeric-math-DyWTxlHL.js                         8.43 kB │ gzip:   3.71 kB
dist/assets/hardware-reliability-BzjGlq3G.js                 8.95 kB │ gzip:   3.96 kB
dist/assets/architecture-execution-D3-OIkrb.js               9.13 kB │ gzip:   3.18 kB
dist/assets/foundation-models-xVdK5N3f.js                    9.16 kB │ gzip:   4.04 kB
dist/assets/investigation-scene-BJmC4VeE.js                 10.15 kB │ gzip:   4.78 kB
dist/assets/operating-hall-Cqntg-_W.js                      10.38 kB │ gzip:   3.76 kB
dist/assets/orbital-mission-BTwbv6as.js                     10.60 kB │ gzip:   3.92 kB
dist/assets/specimen-comparison-Cqa0vYGd.js                 10.73 kB │ gzip:   3.90 kB
dist/assets/realization-explorer-wsv0VCAS.js                11.12 kB │ gzip:   4.20 kB
dist/assets/sensor-application-ZMtgjirQ.js                  11.42 kB │ gzip:   4.02 kB
dist/assets/fabrication-explorer-Ct2KBGuK.js                11.45 kB │ gzip:   4.08 kB
dist/assets/memory-explorer-P7Szuhsm.js                     11.50 kB │ gzip:   4.22 kB
dist/assets/engineering-studio-B9O8acxY.js                  11.92 kB │ gzip:   3.40 kB
dist/assets/commissioning-execution-Bz6FbBpU.js             12.04 kB │ gzip:   4.83 kB
dist/assets/architecture-execution-M7SCdff2.js              12.51 kB │ gzip:   5.45 kB
dist/assets/automation-learned-bridge-DUl6vbjH.js           12.78 kB │ gzip:   4.87 kB
dist/assets/evaluation-report-DZhzGc9p.js                   12.87 kB │ gzip:   5.02 kB
dist/assets/operating-hall-Bp78_arQ.js                      13.37 kB │ gzip:   4.53 kB
dist/assets/machine-execution-CmcvA36r.js                   13.93 kB │ gzip:   5.85 kB
dist/assets/application-decisions-N3mJdC73.js               15.00 kB │ gzip:   6.07 kB
dist/assets/memory-interfaces-CmHCo04u.js                   15.26 kB │ gzip:   6.14 kB
dist/assets/lab-B-ZYp_Jh.js                                 15.58 kB │ gzip:   5.77 kB
dist/assets/evaluated-applications-BeVJZj8D.js              16.97 kB │ gzip:   5.13 kB
dist/assets/model-lifecycle-distributed-BNOCAJBh.js         17.76 kB │ gzip:   5.95 kB
dist/assets/retrieval-learning-explorer-CxDXPVin.js         18.46 kB │ gzip:   5.99 kB
dist/assets/model-lifecycle-workspace-BmTlw2yD.js           18.82 kB │ gzip:   7.28 kB
dist/assets/commissioning-execution-BsoVTlHI.js             19.28 kB │ gzip:   6.50 kB
dist/assets/closed-loop-BIebMlMs.js                         20.87 kB │ gzip:   7.30 kB
dist/assets/model-lifecycle-distributed-CPGvmKCj.js         20.89 kB │ gzip:   6.95 kB
dist/assets/hardware-reliability-_4EGqmEv.js                21.00 kB │ gzip:   6.19 kB
dist/assets/deep-workbench-CBwJTwKI.js                      21.34 kB │ gzip:   8.98 kB
dist/assets/foundation-explorer-514Kxf3j.js                 21.39 kB │ gzip:   6.85 kB
dist/assets/model-lifecycle-D-Mrudv6.js                     22.03 kB │ gzip:   7.45 kB
dist/assets/numeric-workbench-B99Gn-gf.js                   22.73 kB │ gzip:   7.94 kB
dist/assets/matrix-network-BwuViiVI.js                      22.98 kB │ gzip:   8.15 kB
dist/assets/machine-execution-DxqHziRx.js                   24.47 kB │ gzip:   7.89 kB
dist/assets/process-cell-acceptance-2Cy1rhUK.js             28.31 kB │ gzip:   9.97 kB
dist/assets/ranking-application-DwMMjPlQ.js                 29.62 kB │ gzip:   9.99 kB
dist/assets/memory-workload-explorer-Dm1boqx6.js            29.72 kB │ gzip:  10.80 kB
dist/assets/decoder-projection-DLwRQMvw.js                  30.07 kB │ gzip:  10.60 kB
dist/assets/ai-family-explorer-a4XFwUHw.js                  30.09 kB │ gzip:  10.47 kB
dist/assets/data-lineage-explorer-BMugzMva.js               33.10 kB │ gzip:  10.94 kB
dist/assets/investigations-C7yyxfO3.js                      35.36 kB │ gzip:  12.22 kB
dist/assets/model-lifecycle-serving-GeXQ066a.js             37.44 kB │ gzip:  12.62 kB
dist/assets/factory-execution-CFuAo1Oc.js                   39.39 kB │ gzip:  13.87 kB
dist/assets/atlas-scene-BCWkPLS9.js                         40.36 kB │ gzip:  15.62 kB
dist/assets/automation-explorer-Rr0z43Qp.js                 40.97 kB │ gzip:  12.79 kB
dist/assets/progress-evidence-29kUKmqP.js                   62.34 kB │ gzip:  17.45 kB
dist/assets/studio-record-CzUPlXhN.js                       76.67 kB │ gzip:  27.64 kB
dist/assets/process-mechanism-CJwzzEER.js                   78.15 kB │ gzip:  22.21 kB
dist/assets/global-atlas-B0_P_9Ug.js                       124.88 kB │ gzip:  53.26 kB
dist/assets/learning-map-DTyBarXx.js                       140.73 kB │ gzip:  31.42 kB
dist/assets/science-panel-DMbJCYsn.js                      212.72 kB │ gzip:  59.34 kB
dist/assets/equation-B2Oyb9ub.js                           259.91 kB │ gzip:  77.90 kB
dist/assets/OrbitControls-CKEmeXz2.js                      503.08 kB │ gzip: 127.08 kB
dist/assets/index-CqgTwd_f.js                            1,382.87 kB │ gzip: 337.24 kB

✓ built in 650ms

> ai-machinery-atlas@1.2.0 validate:content
> node --experimental-strip-types scripts/validate-atlas.mjs && node scripts/validate-science.mjs && node docs/curation/validate-curation-manifest.mjs

Missing records: [] Unassigned: []
PASS: 311 complete lessons; 82 branches; 21 connected paths; geometry/isolation and numerical invariants.
PASS: prerequisite DAG, relationship references, claim provenance and baseline preservation.
2117/2117 scientific checks passed: 335 math cards, 10 prose relationships.
Curation validation passed: 311 lessons, 364 source URLs and 96 claims.
✔ expert least squares recovers distinct known functions, without fitting a gate (2.449917ms)
✔ routing weights and capacity account for every accepted, dropped and partially served input (11.79075ms)
✔ recurrent state agrees with independently unrolled weighted inputs after each reset (2.308666ms)
✔ local cross-correlations match independent pixel dot products and expose valid-boundary failure (1.063667ms)
✔ patch attention normalizes actual dot products and returns the weighted patch vector (0.159375ms)
✔ DFT detects a coherent tone and reconciles energy through Hermitian symmetry (0.243292ms)
✔ sampling alias is an actual equality of samples and Hann uses its declared symmetric endpoints (0.294291ms)
✔ denoising training examples obey the closed-form forward process, independently of generation (36.680042ms)
✔ noise regression selects stored neighbors by distance and averages their noise labels (0.260667ms)
✔ reverse transitions obey the mean/variance equation and final transition adds no noise (17.231375ms)
✔ held-out noise error has its own denominator and balanced target even after biased training (33.067709ms)
✔ family records retain exact inputs, reject unsupported state and preserve older raw text (0.355625ms)
✔ default and matching numeric seeds do not reuse calibration or evaluation noise draws (18.8765ms)
✔ finite-chain normal prior remains an explicit approximation and neighbor scope follows controls (7.881166ms)
✔ noise regression and expert fitting reject nonfinite examples rather than emitting NaN predictions (0.7415ms)
✔ zero-phase DC and Nyquist sinusoids have no identifiable sampled tone (0.275666ms)
✔ small linear solver agrees with a known independent solution (0.742792ms)
✔ fitted ridge satisfies the independently accumulated objective stationarity (0.509208ms)
✔ future distribution shift cannot change fitted parameters (9.1065ms)
✔ multi-step rollout uses own predictions until the next origin (0.174583ms)
✔ future-label oracle has perfect error but fails temporal validity (0.105167ms)
✔ persistence and forecast use exactly the same target rows (0.08875ms)
✔ two passing examples do not establish the clamp contract (0.456542ms)
✔ correct clamp satisfies independent branch oracle over all 308 declared inputs (0.203667ms)
✔ portable application inputs reject incompatible or unknown content (0.135292ms)
✔ documented 2×2 result is exact in all four schedules (31.754459ms)
✔ signed 3×3 result is exact with no zero-skipping (11.533708ms)
✔ all 256 pairs of binary 2×2 matrices preserve the independently calculated result (92.438333ms)
✔ every legal four-lane mask remaps all work for both sizes and array sizes (85.900792ms)
✔ two- and eight-lane cases include interior holes and a single enabled slot (8.009541ms)
✔ bounded signed inputs including ±99 remain exact without overflow (28.641958ms)
✔ zero matrices complete zero-valued outputs and retain all required MACs (1.467708ms)
✔ 2×2 analytical slot and traffic counts distinguish declared reuse (0.196375ms)
✔ 3×3 on a 2×2 systolic array has four sequential tiles and edge padding (1.823959ms)
✔ 3×3 on a 3×3 systolic array exposes seven ticks with fill and drain (0.958791ms)
✔ larger array padding does not inject operands or invent outputs (0.195709ms)
✔ systolic tokens move one neighbor and one tick before consumption (1.123209ms)
✔ systolic arrival equation is independently consistent for every MAC (0.6825ms)
✔ vector broadcasts one A per group while SIMT retains logical per-thread reads (0.400958ms)
✔ edge slots and excluded interior slots remain distinguishable (2.531833ms)
✔ one enabled vector/SIMT slot preserves full work without a false parallel speedup (0.868041ms)
✔ lane controls do not alter scalar or systolic output or schedule (1.527041ms)
✔ inputs round-trip without mutation and preserve deterministic schedules (2.576459ms)
✔ invalid shapes, sparse entries, dimensions and unsafe arithmetic inputs reject (1.008667ms)
✔ invalid lane/array controls reject rather than dropping mathematical work (0.358875ms)
✔ trace boundary language explicitly excludes vendor timing and hardware occupancy (1.805208ms)
✔ normal task actually consumes two units and creates one linked work order in both modes (17.439834ms)
✔ normal timing is hand-derived from four services, proposals, validations, admission and review (3.950041ms)
✔ queue delay changes latency without changing outputs or service work (9.488167ms)
✔ duplicate delivery is queued and deduplicated without a second set of calls (11.244834ms)
✔ approval is required before reservation service and a stale fingerprint is rejected without change (1.191792ms)
✔ declined review stops before any write (1.25675ms)
✔ schema validation rejects wrong types, extra fields, nonintegral quantities and unknown tools (0.204542ms)
✔ schema failure consumes a proposal but no service; authored repair is an actual subsequent valid call (6.295041ms)
✔ write authority is independent of a valid schema and leaves inventory unchanged (2.703042ms)
✔ malicious retrieved instructions remain visible data; proposed export is denied outside the policy (5.682667ms)
✔ a supported wrong-entity work order fails the independent goal oracle despite policy completion (3.925416ms)
✔ server idempotency returns the original effect and rejects changed arguments under the same key (0.152291ms)
✔ lost reply records caller uncertainty while the external write is already committed (1.828375ms)
✔ fixed retry and authored receipt lookup both recover one committed reservation (13.683792ms)
✔ cancel before a write prevents effects; cancel after commit preserves the existing effect (5.500458ms)
✔ manual cancellation while awaiting approval does not manufacture approval or a result (6.794666ms)
✔ the exact sufficient call budget succeeds, one fewer does not silently complete (6.388541ms)
✔ all 18 mode/case combinations are deterministic and independent replay verifies every final environment (248.066667ms)
✔ every live prefix, including approval and uncertain write, is a valid replayable archive (24.943334ms)
✔ forged output, inventory, approval and reordered events are rejected by import (22.285958ms)
✔ scenario and archive resource/identity bounds reject untrusted input (7.387666ms)
✔ returned snapshots and archives do not alias live state (0.788833ms)
✔ reload during approval preserves the exact pending action and still requires approval (2.881084ms)
✔ failed intent journal write prevents the external tool from starting (3.5295ms)
✔ failed external commit keeps both old inventory and the durable pending service intent (6.037209ms)
✔ commit followed by failed result journaling survives reload and replays without duplicate effect (7.357625ms)
✔ timeout-journal failure also reconciles the already committed effect after reload (20.249916ms)
✔ import prepares a new environment slot before switching active identity; failed head write retains old run (9.910166ms)
✔ backup failure prevents both active replacement and import without losing live work (10.268792ms)
✔ invalid old raw journal is retained exactly before a new run starts and recovery exports it (0.179417ms)
✔ malformed environment is exported as exact raw recovery and not silently discarded (0.10925ms)
✔ corrupted result in imported archive never replaces the active journal (11.792709ms)
✔ a stale second workspace cannot overwrite a newer journal or perform an external effect (0.539417ms)
✔ removing exported recovery requires its unchanged exact raw value and never changes active work (0.190458ms)
✔ future model-policy port records provenance and passes through the same runtime gates (0.154875ms)
✔ uniform scores have independently known losses and normalized stable probabilities (1.096208ms)
✔ mean pooling counts repeated tokens and drops unknowns without adding hidden features (0.063125ms)
✔ both encoder analytic gradients match independent central finite differences (3.853458ms)
✔ conditional decoder context, previous-token and bias gradients match finite differences (1.544375ms)
✔ actual fitting changes weights and materially lowers both numerical objectives (1.361292ms)
✔ split requests are disjoint and held-out strings never enter vocabulary fitting (0.861708ms)
✔ same seed and options reproduce weights and inference without mutating a frozen artifact (129.215208ms)
✔ learned alias retrieval differs from exact token-overlap baseline on the same fan-nine request (0.19925ms)
✔ decoder really depends on context, while missing context can still generate learned biases (0.455458ms)
✔ stale context can expose unsupported generated facts, and an authored revision gate abstains (1.469917ms)
✔ unseen vocabulary maps to zero query, rather than an invented semantic embedding (10.654625ms)
✔ versioned handoff recomputes generated tokens and rejects altered claims, inputs and weights (9.256333ms)
✔ invalid nonfinite or unbounded artifact and request shapes are rejected before execution (0.391833ms)
✔ durable learned proposal survives reload before proposal and still awaits exact human approval (72.397125ms)
✔ wrong but source-supported learned proposal reaches actual wrong environment and fails task oracle (50.580875ms)
✔ authority remains outside fitted parameters and rejects a valid learned reservation (44.158ms)
✔ missing or stale learned contexts stop the outer workflow without proposing a write (82.61975ms)
✔ changed runtime source text invalidates the frozen learned context before reservation (25.047542ms)
✔ learned reservation lost reply recovers one effect with the original idempotency identity (150.95075ms)
✔ failed learned result append preserves committed effect and reload resumes the same model (92.2895ms)
✔ journal import rejects a proposal inconsistent with the frozen learned artifact (27.804625ms)
✔ existing authored journal remains compatible and cannot silently acquire a learned null payload (1.328125ms)
✔ an injected external adapter cannot override a frozen learned proposal (1.654625ms)
✔ duplicate delivery and both cancellation boundaries retain the learned runtime invariants (123.52925ms)
✔ import before the learned proposal restores the frozen policy rather than an authored fallback (57.389167ms)
✔ backup failure while replacing a learned run leaves both the raw old head and live model unchanged (10.428625ms)
✔ a schema fault after learned generation is rejected without claiming the model produced that type (23.092708ms)
✔ authored reranking changes a lexical candidate choice without changing fitted weights or retrieval scores (0.744583ms)
✔ entity rule preserves retrieval order on ambiguous or unrecognized requests and cannot invent a missing candidate (1.187958ms)
✔ entity matching is literal authored syntax and does not pretend to understand negation (0.848209ms)
✔ context interventions occur after the recorded reranking stage (0.598667ms)
✔ old three-field requests and explicit disabled reranking retain identical results and valid handoffs (4.831375ms)
✔ reranking provenance and chosen context survive durable reload and remain subject to the task oracle (53.702125ms)
✔ reranking does not grant write authority or conceal tampered selection evidence (29.027792ms)
✔ reranker request modes reject coercible array values and fitting rejects NaN rates (0.15875ms)
✔ 25 substantive authored lessons cover five chapters with stable referenced IDs (4.704334ms)
✔ proposed prerequisites have no cycles through the current authored corpus (0.159458ms)
✔ all 25 science entries are explicitly classified with strict canonical KaTeX and units (23.645083ms)
✔ 13 enrichments are append-only and preserve original science/check/prerequisites by contract (0.18925ms)
✔ source references and explicit agent/date/scope records cover every new lesson without human-review claims (0.199917ms)
✔ queue and idempotency worked ledgers conserve distinct deliveries and external units (0.059666ms)
✔ serial trace and parallel dependency timing have independently derived answers (0.055042ms)
✔ normalizer swap changes a frozen logistic function without changing weights (0.065583ms)
✔ context, live-buffer and retrieval metric boundaries use the correct denominators (0.058333ms)
✔ coordinated work has distinct elapsed/work and explicitly conditional success (0.082958ms)
✔ document totals and independent code examples catch plausible but incorrect outputs (0.072ms)
✔ planar frame transform and stale-observation motion bound preserve units and orientation (0.084958ms)
✔ path speed bounds and sampled feedback stability are derived from their declared models (0.074375ms)
✔ action codec and speech timings do not confuse symbols, velocity, displacement or error ratios (0.039ms)
✔ ranking, forecast and physical residual examples independently reproduce their claimed values (0.07025ms)
✔ robotics and model/protocol explanations do not claim mechanisms that are not executed by E5 (0.117125ms)
✔ system identification recovers independently selected linear coefficients and rejects unidentifiable calibration (0.714541ms)
✔ the declared physical transition uses current velocity and preserves state until the next sample (0.33675ms)
✔ search enumerates every bounded sequence and selects the independently evaluated minimum feasible cost (4.505416ms)
✔ episode transitions and observed timestamps reconcile without exposing true state to the controller (23.043416ms)
✔ nominal planner and simpler feedback both settle; comparative denominators remain identical (1.966ms)
✔ delay, bad model and deadline failures are actual applied-action consequences (17.89275ms)
✔ plant intervention does not train on episode truth or rewrite calibration (4.996208ms)
✔ portable inputs round-trip, reject unknown/version/nonfinite state and do not mutate source text (0.409208ms)
✔ compute allowance cannot exceed the physical sampling period (3.738875ms)
✔ nominal delayed velocity estimate matches the observation timestamp and effort has action-squared time units (6.779542ms)
✔ calibration rejects nonfinite, unbounded or duplicate-identity rows and record encoder rejects invalid source identity (0.20525ms)
✔ default delivered operands yield eight MACs and the exact result (8.402125ms)
✔ 256 binary matrix pairs match independent hand-calculated products (197.838167ms)
✔ 480 commissioning, handoff and reset cases preserve ownership and work (201.784458ms)
✔ ABI rejection precedes resources, submissions and DMA (0.172875ms)
✔ virtual and device addresses converge on bytes without conflating namespaces (2.905791ms)
✔ translation checks endpoints, direction, epoch, mask and ambiguous mappings (0.386708ms)
✔ permitted wrong B mapping computes A squared without a protection exception (1.407291ms)
✔ missing B supplies no arithmetic value and quiesces before returning ownership (1.006917ms)
✔ omitted noncoherent input/output handoffs expose actual stale values (0.649084ms)
✔ coherent data visibility preserves publication and lifetime requirements (1.021542ms)
✔ early reuse rejection mutates neither cached nor memory buffer values (0.367333ms)
✔ two-cell reset discards four MACs and retries with one publication (0.891208ms)
✔ reset after any cell accounts even a fully written but uncommitted result (4.817667ms)
✔ wrong-job, old-epoch, premature and duplicate completion records fail (0.644916ms)
✔ signed extrema stay exact and snapshots own their mutable arrays (0.371917ms)
✔ invalid fields, sparse matrices and record versions are rejected (0.285792ms)
✔ saved replacement durably preserves incompatible raw text (0.165791ms)
✔ backup failure retains active input and corrupt recovery remains exportable (0.113083ms)
✔ runtime lesson pack has five complete linked lessons and eight valid canonical math cards (684.933542ms)
✔ authored lesson numerical claims agree with the executable specimens (10.640834ms)
✔ connected footage retains captured pixels, exact build evidence and the delivered video (4.220375ms)
✔ every captured experience has a current canonical destination and a readable alternative (396.911792ms)
✔ family assignment precedes transformations and never divides a known family (16.764ms)
✔ naive document splitting produces an actual cross-split exact duplicate that grouping prevents (7.100875ms)
✔ normalization changes duplicate evidence without erasing originals or changing family IDs (10.3755ms)
✔ near score counts shared three-word shingles instead of declaring semantic equivalence (3.053333ms)
✔ deduplication removes repeated training pairs only and preserves a retained lineage pointer (38.806875ms)
✔ hand-counted BPE replaces two ab pairs and adds exactly one content symbol (0.457333ms)
✔ overlapping pair counts differ from applications and ties use numeric symbol IDs (1.54875ms)
✔ merge training never crosses field boundaries or accepts held-out fields (0.370917ms)
✔ base bytes reconstruct unseen UTF-8 text without injecting structural tokens (4.8985ms)
✔ encoded documents have structural boundaries and correct shifted response targets (1.224167ms)
✔ sampler epochs are permutations and a saved cursor reconstructs uninterrupted draws (0.142083ms)
✔ hand-constructed packing masks prompts, cross-document EOS targets and padding (0.125334ms)
✔ packing retains every shifted target across blocks without admitting future context (96.584666ms)
✔ repeated samples of a source document remain isolated packed instances (1.318458ms)
✔ portable manifests reconstruct actual merges, splits, indices and masked blocks (64.883959ms)
✔ strict records reject unknown fields, invalid indices/modes, byte size and source identity (16.657042ms)
✔ the BPE experiment leaves the actual fixed nine-token lifecycle contract unchanged (15.329792ms)
✔ actual trained checkpoint identity, normalized operands and decoder query slice are preserved (27.990083ms)
✔ all six inner coordinates are used; a checkpoint with only the second half of WQ nonzero remains nonzero (1.8135ms)
✔ query weight orientation and token positions match exact source coordinates, including development prompts (9.984417ms)
✔ symmetric nearest rounding is ties-away-from-zero and zero is exactly represented (0.1255ms)
✔ quantization bound is independently checked over signed finite tile values (2.255208ms)
✔ actual machine MAC operands decode from the exact named signed-int32 little-endian payload (2.115416ms)
✔ two integer products rescale independently before addition; scales and errors have independent references (2.882ms)
✔ integer range changes precision but never machine word size, MAC count or transfer denominators (6.153125ms)
✔ bank, buffering and refresh controls change the machine schedule without changing query arithmetic (33.117ms)
✔ unmapped second tile has no accepted projection, fabricated error metric or combination event (1.292166ms)
✔ event order disambiguates equal timestamps and exposes local versus joined clocks (57.33125ms)
✔ zero query weights produce a zero reference, zero output, and undefined relative error (11.254167ms)
✔ full trained checkpoint and exact selection roundtrip above 20k; outputs are recomputed (20.601959ms)
✔ source exposure remains disclosed and final-test prompts cannot be selected (25.129875ms)
✔ strict selection and envelope reject unknown fields, missing fields, bounds and model drift (9.955875ms)
✔ source holes, erased values, invalid weights and oversized UTF-8 imports fail without mutation (3.574292ms)
✔ word and tile helpers reject invalid shapes, nonintegers and sparse arrays (5.617042ms)
✔ quantization error bounds hold across source seeds, training and development choices (78.367667ms)
✔ wafer dimensions, zero defects and monotone losses (1.320291ms)
✔ optical scaling preserves dimensions and independent powers of NA (0.217875ms)
✔ CMP bounds retain local differences and expose overpolish (0.190791ms)
✔ screened input yield and empirical HBM ratios do not double-count incoming losses (0.212875ms)
✔ component normalization identifies the binding package stream (1.007458ms)
✔ ramp conserves units, inventories and cumulative unmet demand (0.574959ms)
✔ tiling changes modeled bytes without changing arithmetic (0.134125ms)
✔ KV storage scales with concurrency, not parameter count (2.878958ms)
✔ a one-rank collective requires no network traffic (0.137708ms)
✔ power boundary and readiness constrain hall work (0.139833ms)
✔ orbital heat, energy and links retain independent physical limits (0.11125ms)
✔ fixed development is amortized by volume, and recovery losses are bounded for display (0.078084ms)
✔ one-element GEMM has the same input and output boundary in all traffic models (0.044208ms)
Entry JS: 333663 gzip bytes (level 9; local file measurement)
✔ compressed entry JavaScript stays below the 350 kB budget (28.193208ms)
✔ every authored lesson is independently loaded and content addressed (392.345625ms)
✔ build identity carries independent source, content and model identity (0.280375ms)
✔ four additive lessons form one existing-domain chapter with valid identifiers and no prerequisite cycles (1.134833ms)
✔ every lesson has substantive scoped explanation, worked content and multiple answerable checks (0.2315ms)
✔ eight canonical equations render strictly and pair with populated scientific assumptions and variable units (7.878917ms)
✔ all lesson source references are covered by scoped, actually dated agent checks without invented human review (0.144792ms)
✔ pack evidence cards preserve source identity, applicable lessons and explicit non-performance limits (0.08725ms)
✔ inner-dimension partials independently reconstruct the exact matrix and both receive layouts (0.227458ms)
✔ the explicit two-phase exchange transports the correct row once at the sender boundary (0.333833ms)
✔ different contracted-axis partitions preserve products across signed small matrix specimens (2.116625ms)
✔ global gradient follows the actual eight-item squared-error objective and agrees with finite differences (0.35075ms)
✔ sample-weighted rank means equal flattening for uneven groups; unweighted rank means need not (0.575417ms)
✔ binary32 cancellation trace and reference error use two independent rounding mechanisms (0.248917ms)
✔ binary32 spacing and ties-to-even are checked on both sides of the power-of-two boundary (0.134709ms)
✔ speculative sampling recovers the exact toy target rather than accepting the draft unconditionally (0.266167ms)
✔ correction mass preserves target distributions across support gaps, equality and a simplex grid (1.963334ms)
✔ iid output counts include the correction/bonus and handle zero and perfect acceptance (0.511833ms)
✔ throughput uses separately assumed round times and can reverse the apparent acceleration (0.267875ms)
✔ authored splits are explicit, finite, unique and contain independent correlation-breaking sensor examples (1.662708ms)
✔ training-only normalization and every batch step match independent scalar reference for feature and regularization controls (9.031708ms)
✔ analytic mean cross-entropy plus L2 gradient agrees with independent central differences; bias is unpenalized (0.342042ms)
✔ changing held-out features and labels never changes normalization, gradient or fitted parameters (3.852417ms)
✔ decision threshold changes decisions and display trace, but never fitting or cross-entropy (0.360042ms)
✔ zero-step initial state is explicit and stable logistic loss handles extreme finite logits (0.191667ms)
✔ default objective falls at each observed step; temperature-only failure is counted on shifted examples (0.442542ms)
✔ confusion matrix denominators agree with hand-counted examples and undefined rates are null (0.1675ms)
✔ sensor hypothetical cost is reproducible and cannot alter quality or fitted parameters (0.260291ms)
✔ sensor top-level validation rejects bad controls, overlap and degenerate training features (1.009833ms)
✔ index IDF and every tuning/evaluation cosine score match independent dense-vector reference (5.25525ms)
✔ term tokenization, repeated counts, unknown terms and empty-query score rules are explicit (1.271ms)
✔ topK and minimum similarity filter actual scores before answer selection (0.964458ms)
✔ default closed-corpus support differs from task correctness on the wrong-entity question (6.411375ms)
✔ an exact copied fact is insufficient when citation document, quote, response text or typed value is corrupted (0.193458ms)
✔ abstention correctness uses answer availability, with null support when no answer is produced (0.451958ms)
✔ first-passage policy yields all supported answers but fails the two unanswerable cases (1.455167ms)
✔ threshold calibration is reproducible from tuning labels only, with explicit tie-breaking (3.625375ms)
✔ answer construction is independent of expected labels while grading responds to changed labels (8.130833ms)
✔ retrieval resource inputs affect only the hypothetical budget and match counted trace work (1.243875ms)
✔ retrieval validation rejects invalid controls and broken references (1.107292ms)
✔ both applications accept frozen inputs, have deterministic JSON-safe output and resolve saved options (7.471667ms)
✔ calibration uses a separate cohort and changes no trained parameter (8.049667ms)
✔ threshold changes decisions without changing probability or fit identity (2.800625ms)
✔ metric reference explicitly counts denominator and bins (1.065ms)
✔ zero accepted denominator is unavailable rather than perfect (1.140708ms)
✔ a new sample ID does not conceal duplicated source-family identity (1.079541ms)
✔ calibration bins use observed positive frequency, not classification accuracy (0.079125ms)
✔ record reproduces artifacts and rejects altered results or configuration (5.17075ms)
✔ evaluation update bounds agree with the underlying 80-step sensor model (1.802042ms)
✔ baseline independently checks dimension conversion, stage identity, and accepted denominators (2.361292ms)
✔ every complete square die fits the usable disk; cohorts conserve the population (5.350291ms)
✔ oxidation moves both boundaries, whereas deposition adds material above the grown oxide (0.5505ms)
✔ latent image preserves physical material; development removes resist while target stays intact (0.428333ms)
✔ etch budget closes target, mask and stop consumption under the declared exposure (0.789875ms)
✔ mask exhaustion propagates a failure without negative solids or a successful requested profile (0.345083ms)
✔ inspection preserves geometry and selected cohort does not alter lot output (2.276708ms)
✔ interval containment distinguishes supported pass, ambiguous review and definite failure (0.400167ms)
✔ uncertainty and tolerance change acceptance, never the actual material geometry (2.426292ms)
✔ the initial defect yield is not recharged to screened inputs during assembly (0.803083ms)
✔ route geometry, geometric registration and electrical evidence remain distinct (1.223125ms)
✔ missing or failed scoped qualification cannot be replaced by inspection or increased supply (1.468958ms)
✔ all scalar extremes produce finite state, valid regions and bounded accepted output (10.290375ms)
✔ input rejection is strict and evaluation is pure and reproducible (2.203916ms)
✔ a translated hybrid upper die carries its dielectric surface with it (0.357708ms)
✔ actual three-update result agrees with independent centralized objective and optimizer (15.741458ms)
✔ carried trained source retains actual optimizer, RNG and exposure with no mutation (618.938541ms)
✔ hall power adapter matches existing model at all three physical power boundaries (0.862791ms)
✔ baseline wall time and energy follow a hand-derived exclusive schedule (0.170625ms)
✔ default partial-write recovery replays exactly two lost optimizer updates (0.326959ms)
✔ all fault modes and checkpoint cadences preserve accounting and exact replay (3958.552375ms)
✔ whole-job stop leaves only the earlier valid artifact and never publishes (115.91ms)
✔ partial checkpoint bytes and a fully written uncommitted checkpoint cannot replace old state (69.741792ms)
✔ a completed earlier checkpoint restores weights, moments, cursor and RNG together (141.549333ms)
✔ incomplete rank barrier leaves model and optimizer unchanged (0.25375ms)
✔ rank failure counts finished gradients, separate partial elapsed slots, and concurrent wall time (121.816833ms)
✔ slower rank changes the schedule and energy but not model state or payload (196.056959ms)
✔ network throughput changes only serialization time; payload is counted once at transmission (94.930916ms)
✔ checkpoint capacity accounts for old and new versions without deleting the old artifact (128.767875ms)
✔ admission and runtime failures prevent actual model execution (133.423417ms)
✔ every exported committed artifact is an actual compatible full numerical checkpoint (16.235583ms)
✔ time cursor integrates partial traffic and energy without claiming a completed event early (0.319375ms)
✔ strict inputs reject invalid dimensions, unknown fields and altered model identities (0.232167ms)
✔ full portable workspace restores its trained source rather than silently restarting from seed (3.762916ms)
✔ procedural final-test exposure survives older factory workspace restoration through shared journal (52.641291ms)
✔ checkpoint preserves actual gradient ownership, owner optimizer slices and gathered replicas (10.958625ms)
✔ tensor contraction agrees with independently enumerated reference and trace conservation (2.267875ms)
✔ rotating singular directions preserves discarded norm and matrix symmetry (0.249708ms)
✔ stable likelihood, shift invariance and independent finite-difference derivatives (0.224334ms)
✔ miniature float ties, subnormal transition, sign and overflow are explicit (1.8305ms)
✔ enumerated sampling distribution matches Bernoulli mean and variance (0.674ms)
✔ confounded treatment contrast differs from authored effect and missing support stays visible (0.616834ms)
✔ fitted stumps learn a reserved task and fail a changed relationship (0.643583ms)
✔ graph aggregation is node permutation equivariant and edge sensitive (0.818542ms)
✔ search preserves board and discovers terminal action independently of leaf heuristic (1.124083ms)
✔ large common logits preserve nonzero cross entropy without catastrophic cancellation (1.494291ms)
✔ foundation record boundary rejects unknown fields, missing fields and invalid indices (1.631208ms)
✔ Gray pointer cycle changes exactly one bit and decodes all eight states (1.797625ms)
✔ default FIFO delivers all eight tagged values with conservative full/empty stalls (1.657084ms)
✔ 360 clock/backpressure/reset scenarios retain exact ordering and cancellation accounting (22.018458ms)
✔ simultaneous edges sample pre-edge opposite-domain pointers (0.307167ms)
✔ coordinated reset cancels outstanding tags instead of claiming their delivery (0.2545ms)
✔ reader-only reset produces an actual out-of-order counterexample (0.118333ms)
✔ a short horizon reports remaining tags rather than declaring completion (0.114709ms)
✔ all 16 valid codewords have zero checks and recover their four data bits (0.576042ms)
✔ all 128 single-bit errors are corrected, including the overall parity bit (0.622666ms)
✔ all 448 double-bit errors are detected and never supplied to the consumer (1.171834ms)
✔ code construction agrees with a separately specified parity matrix (0.126375ms)
✔ three-bit fixture can be miscorrected and its oracle mismatch remains explicit (0.235709ms)
✔ double error restores a trusted checkpoint and recomputes lost work exactly once (0.109ms)
✔ recovery ledger holds for every fault step, checkpoint interval and payload (8.536875ms)
✔ stop policy exposes completed versus checkpointed work and publishes no final result (0.197875ms)
✔ healthy and correctable words need no restart (0.175917ms)
✔ input and snapshots are copied; records restore only matching model identity (0.22675ms)
✔ invalid clocks, reset bounds, bit patterns and sparse arrays reject (0.592292ms)
✔ all codeword pairs establish minimum distance four (0.333625ms)
✔ incompatible raw reliability records survive replacement exactly (0.363917ms)
✔ backup quota failure preserves the prior active reliability record (0.328541ms)
✔ corrupt recovery storage remains exportable and cannot be overwritten by save (0.226833ms)
✔ selected HBM assembly route overrides shared stack geometry (0.38725ms)
✔ all memory process stages retain learning links and inspection context (0.103916ms)
✔ every new science equation renders authored mathematics with symbol definitions (14.30175ms)
✔ HBF numerical disclosure stays an announcement with a scoped dated source (0.102958ms)
✔ manufacturing applies screened input yield once, then stack and package survival (1.829042ms)
✔ changing stack count propagates capacity, height and compatibility across the same system (0.718167ms)
✔ memory supply increase moves a constraint and does not increase output beyond the next station (0.619833ms)
✔ residency conserves weight and KV bytes, HBF receives only read-only weights (0.319083ms)
✔ all four-bit additions preserve carry and exact arithmetic (4.021875ms)
✔ switch model conserves charge-step energy and load scaling (0.239375ms)
✔ attention computation normalizes probabilities, masks future tokens and reconstructs the weighted value (0.482292ms)
✔ scenario import restores deterministic outputs and rejects malformed state (1.702625ms)
✔ damaged browser cases do not erase independent valid attempts (0.492666ms)
✔ static memory fit does not imply append capacity; a smaller working set restores a runnable step (0.307708ms)
✔ conflicting imports retain the original first attempt and displaced practice (0.477917ms)
✔ facets keep every canonical lesson once and every link within the atlas (5.169708ms)
✔ lifecycle is independent of physical band and exposes exact executable scope (0.27175ms)
✔ lifecycle URL round-trips without changing lesson or marking learning complete (0.517792ms)
✔ connected artifacts require an explicit executable entry and round-trip route (2.408209ms)
✔ legacy progress migrates only when the question and option ordering are unchanged (1.365041ms)
✔ new progress retains revision and rejects a reinterpreted answer (0.175792ms)
✔ malformed answers and future versions do not become completed checks (0.174917ms)
✔ every generated lesson satisfies all reader field contracts (20.272417ms)
✔ matching identity cannot conceal malformed nested renderer data (0.335708ms)
✔ signed default connects exact arithmetic to completed host-owned output (8.577584ms)
✔ every bounded geometry and timing combination preserves commands, ownership and output (374.538917ms)
✔ all binary 2×2 operand pairs agree with independent BigInt multiplication (10.87175ms)
✔ extreme signed entries and zero-valued completed results remain exact (1.806ms)
✔ global layout changes traffic without changing mathematics (0.91075ms)
✔ two staging slots overlap DMA and compute; one slot cannot (1.859209ms)
✔ shared padding can add conflicts while memory still dominates elapsed time (0.937375ms)
✔ same-address reads broadcast rather than becoming bank conflicts (0.503375ms)
✔ refresh occurs at legal boundaries and preserves data (1.391833ms)
✔ unsafe consumption and slot reuse are rejected without corrupting safe work (2.050167ms)
✔ missing input mapping blocks before any partially authorized DMA batch (0.474ms)
✔ range mapping distinguishes device addresses, physical addresses and permissions (0.88425ms)
✔ synthetic byte address fields reconstruct every address in the declared space (0.5515ms)
✔ state snapshots are independent and a time cursor includes all same-time effects (0.801042ms)
✔ normalization rejects unknown fields, invalid controls and unsafe matrices (0.394916ms)
✔ inputs and model-bound records round-trip without mutation (3.267125ms)
✔ saving preserves incompatible raw input before replacing the active record (0.185208ms)
✔ backup failure leaves the incompatible active record intact (0.16375ms)
✔ multiple older inputs export their exact raw strings (0.084042ms)
✔ unreadable recovery storage is exportable verbatim and blocks destructive save (0.069709ms)
✔ the 2x2 source bytes, word identities and consumer dot products agree with hand arithmetic (5.857708ms)
✔ signed little-endian conversion is independently checked at negative and sign-boundary values (0.557ms)
✔ independent column accumulation agrees for each specimen, tensor, flit width, credit count and delay boundary (55.76975ms)
✔ single-credit timing has an independent stop-and-return recurrence (1.210375ms)
✔ enough credits pipeline one flit per tick without equating injection width and latency (0.551583ms)
✔ receiver pause retains finite slots and return latency blocks send until the credit arrives (0.493083ms)
✔ receiver interval is evaluated on declared absolute eligible ticks (0.523959ms)
✔ partial last slot padding never creates extra destination bytes or trainable operands (0.46525ms)
✔ each omitted segment leaves the exact destination hole, no MAC and all credits recovered (3.963375ms)
✔ wrong transfer and tensor identity is rejected without copying any of that segment (0.202291ms)
✔ duplicate delivery costs another slot but writes each identified destination byte only once (1.567291ms)
✔ actual consumer completeness gate refuses every incomplete prefix including legitimate zero bytes (0.6365ms)
✔ premature fixture invokes the same byte gate and computes only after identified assembly (1.159334ms)
✔ valid identity with altered payload feeds wrong real operands rather than the reference matrix (0.28575ms)
✔ consumer start is tied to destination readiness, while trailing credits can drain concurrently (0.188167ms)
✔ all failure modes remain bounded at slow-link, slow-service, long-pause and flit-count extremes (39.478083ms)
✔ record import is strict, bounded and recomputes source identity rather than trusting supplied outputs (12.994792ms)
✔ invalid choices and cross-field fault indices cannot trigger giant or ambiguous simulations (0.515292ms)
✔ mutation of a returned snapshot cannot change other snapshots, presets or replay (9.845333ms)
✔ the adapter preserves every existing stack, thermal and workload boundary without a second parameter set (2.9905ms)
✔ stack layers partition the existing height exactly and selecting a bit selects precisely one die (0.448458ms)
✔ route changes use the existing gaps and thermal model, while hybrid receives no solder-strain inference (0.596292ms)
✔ thermal/mechanical indicator has correct ppm, mm and micrometre conversion and scales with the declared excursion (0.421792ms)
✔ known-good, post-bond, and qualification evidence remain separate from modeled survival (0.974833ms)
✔ residency conserves weights and mutable KV; HBF is read-only and remote HBM staging closes once (0.582ms)
✔ static capacity and one-step execution recovery retain current atlas behavior (0.320625ms)
✔ the context rejects inconsistent capacity, screened denominators and mutable flash; evaluation is pure (0.414167ms)
✔ selected stack and bit trace connect to declared HBM residency without changing capacity or local address fields (0.170292ms)
✔ the declared organization closes bytes, words, cells and each address stride (1.846958ms)
✔ addresses beyond 32 bits survive exact round trips, including a 12-die non-power-of-two population (8.497875ms)
✔ a bit selector changes the cell bit, never its byte address or physical mapping fields (0.31ms)
✔ changing one address field leaves all other decoded fields invariant (0.305541ms)
✔ row access distinguishes cold activation, row hits, row conflicts and independent bank state (0.44025ms)
✔ inputs reject aliases, incomplete documents, non-integers, nonfinite numbers and out-of-window addresses (0.282959ms)
✔ equal bank addresses on different HBM stacks have independent open rows (0.11275ms)
✔ actual two-matrix byte path gives hand-derived C and excludes padding from payload identity (17.178541ms)
✔ 32-bit little-endian identity handles negative values and the sign boundary exactly (0.688875ms)
✔ extended Hamming bit placement agrees with hand-derived payload 9 codeword (0.991542ms)
✔ every one-bit error in every nibble returns the exact original word; all same-codeword pairs are detected (57.010292ms)
✔ geometric and synthetic evidence failures block admission before staging, commands or MACs (8.850333ms)
✔ positive contact overlap changes geometry without inventing timing or error-rate effects (12.398208ms)
✔ selected die changes only the explicit stack-address translation, not synthetic machine banks or words (7.074083ms)
✔ the payload allocation gate requires complete padded A/B/C allocations for all source tiers (40.666125ms)
✔ remote staging copies the identical padded B bytes and serially shifts the machine boundary by hand-derived time (10.227333ms)
✔ one injected data bit is corrected on every actual repeated selected-word read (5.207708ms)
✔ detected double data error stops before affected compute and publishes no output or future events (3.524166ms)
✔ unchecked faulty data changes C through actual operand values, matching a separate BigInt multiplication (3.153375ms)
✔ three flips can report correction while still corrupting the same consumer output (2.372417ms)
✔ int32 output store narrowing is explicit and matches independent BigInt modulo arithmetic (12.137958ms)
✔ refresh changes commands and latency but never repairs the deliberately persistent fault (14.000375ms)
✔ observed refresh time clips a straddling reservation and never counts future service (0.628458ms)
✔ all double-fault stopped prefixes account only observed refresh and publish explicit machine/joined clocks (64.038583ms)
✔ healthy bridge agrees with exact original machine consumer over schedule and placement combinations (189.035833ms)
✔ every original word and nibble can be corrected without changing the bounded matrix result (358.378667ms)
✔ strict portable input records round trip and reject forged identities or invalid fields before applying (48.857583ms)
✔ returned states, byte ledgers and reference matrices cannot mutate a subsequent replay (10.862666ms)
✔ all approved 37 new and 15 deepened IDs have exactly one disposition and canonical addition (0.748209ms)
✔ new records are substantive and all checks have a declared valid answer (1.306458ms)
✔ eight chapters have stable domains and exact nonoverlapping new-lesson ownership (0.122084ms)
✔ combined authored prerequisites are valid, non-self, duplicate-free and acyclic (1.684334ms)
✔ all equations strictly render with notation and no original entries are copied into additions (85.414333ms)
✔ source claims reference existing lessons and checked primary locators without invented human review (0.699167ms)
✔ learners see scope, not leaked authoring or implementation directions (0.343292ms)
✔ deduplication and mixture examples retain different item and exposure denominators (0.077917ms)
✔ packing and unequal microbatch examples demonstrate noncommuting normalization and clipping (0.057708ms)
✔ synthetic selection, byte encoding and slice retention calculations use explicit inventories (0.105583ms)
✔ branched reverse derivatives, parameter count and causal NLL have independent arithmetic (0.066042ms)
✔ clipping and AdamW example preserve global direction and separate decay (0.070708ms)
✔ continuation and replay examples prove a conflict rather than general catastrophic forgetting (0.052792ms)
✔ KV payload scales linearly while an incompatible average can erase equivalent functions (0.050416ms)
✔ SFT and pairwise losses preserve different denominators and score invariance (0.048291ms)
✔ PPO advantage sign, reference KL and zero-variance group behavior are distinct (0.074ms)
✔ proxy failure, low-rank product and teacher gradient counterexamples remain explicit (0.038708ms)
✔ calibration coverage and judge agreement do not imply correctness (0.080708ms)
✔ retrieval mixture, candidate-set success and regression gates cannot substitute for one another (0.050208ms)
✔ contrastive normalization, visual projection, audio frames and WER reproduce authored values (0.058792ms)
✔ diffusion, flow, representation error and target EMA have different targets (0.038ms)
✔ action-dependent rollout, imagined return and quantization retain physical boundaries (0.068375ms)
✔ replanning example uses executed prefix and explicit timing assumptions (0.032583ms)
✔ existing-lesson additions preserve independent shared-gradient, softmax and routing arithmetic (0.0435ms)
✔ Adam, payload, bounded scaling and Wilson equations have independently checked values (0.040625ms)
✔ critical semantic grouping retains the entire RMS mean-square root and Adam epsilon outside its root (0.646917ms)
✔ source model, moments and RNG are retained without mutating the lifecycle checkpoint (42.575875ms)
✔ default uneven ranks own one short and three long actual examples with 6 and 24 targets (16.21325ms)
✔ token next-token: every partition agrees with centralized objective and retained optimizer (296.143208ms)
✔ token response-only: every partition agrees with centralized objective and retained optimizer (254.64125ms)
✔ sample next-token: every partition agrees with centralized objective and retained optimizer (210.905459ms)
✔ sample response-only: every partition agrees with centralized objective and retained optimizer (170.178333ms)
✔ actual weighted gradients pass independent finite differences across every tensor group (129.728125ms)
✔ equal rank means are numerically wrong for the default token and sample objectives (41.313416ms)
✔ token and sample objectives differ for unequal target lengths but response-only denominators coincide (17.801458ms)
✔ missing contribution blocks optimizer commit and preserves all current model state (4.702208ms)
✔ failure after submission invalidates the uncommitted contribution and an old attempt is rejected (8.848042ms)
✔ failed restarted rank yields the same committed weights and moments as failure-free centralized work (47.717042ms)
✔ duplicate submissions, old rounds and second optimizer commits are rejected (27.91375ms)
✔ global clipping and nonzero Adam history agree with an independent update (68.176959ms)
✔ SGD uses the same reduced gradient and retained moments with a single step (20.757792ms)
✔ partial round checkpoint resumes exact attempts, batch and RNG without extra draws (42.87725ms)
✔ multiple committed rounds resume deterministically from the distributed record (256.248041ms)
✔ tampered numerator, target denominator, source examples and unknown fields are rejected before mutation (8.235583ms)
✔ malicious giant records and invalid cross-field state fail bounded validation (5.076666ms)
✔ import rejects corrupted submitted arithmetic and committed optimizer state (27.126625ms)
✔ restart and round budgets prevent unbounded simulations while preserving final valid state (758.666875ms)
✔ workspace import retains independent final exposure and rejects stale or invalid changes before journal mutation (1.443041ms)
✔ padded rank ownership covers every real parameter exactly once without optimizing the last dummy slot (0.268916ms)
✔ actual owned numerators and every gathered replica independently match centralized gradients and Adam state (216.855208ms)
✔ an explicitly opened collective rejects missing owner shards without changing optimizer or filling them automatically (15.280083ms)
✔ owned-shard failure invalidates the entire reduction; a restarted attempt cannot accept old shards (41.449709ms)
✔ owned shard identity, denominator, range, padding, duplicate and arithmetic corruption are rejected (27.342541ms)
✔ partial reduce-scatter checkpoint resumes exact owned state and all-gather (33.762583ms)
✔ all-gather rejects missing, duplicate, stale and cross-owner parameter payloads (15.502208ms)
✔ strict checkpoint import recomputes owned gradients, updates and every replica before accepting them (33.548458ms)
✔ logical padded transfer and optimizer ownership accounting reconcile independently of checkpoint serialization (40.711292ms)
✔ the next batch releases old collective payloads without changing the committed source of its optimizer state (25.265ms)
✔ initial: incremental cache agrees with the independently implemented complete tape forward at all eight positions (6.391375ms)
✔ other-seed: incremental cache agrees with the independently implemented complete tape forward at all eight positions (7.680125ms)
✔ learned: incremental cache agrees with the independently implemented complete tape forward at all eight positions (6.784667ms)
✔ different prefill chunk boundaries preserve every cache row and final output exactly (4.135042ms)
✔ cached past keys and values are reused unchanged and position encoding distinguishes repeated tokens (0.894125ms)
✔ cache ownership, dimension, token and context bounds fail before modifying a cache (5.01525ms)
✔ KV payload and arithmetic counts have independently checked denominators (4.667791ms)
✔ greedy: actual serving output and per-request RNG agree with full-prefix generation (137.797ms)
✔ sample: actual serving output and per-request RNG agree with full-prefix generation (157.748875ms)
✔ serving the learned checkpoint gives real learned first-answer matches without modifying training or optimizer state (132.989459ms)
✔ policy, chunk size and batch capacity change scheduling but not independent sampled outputs (682.767208ms)
✔ continuous admission fills a freed slot while static policy waits for the remaining group (16.570708ms)
✔ finite reservation delays requests, no iteration exceeds capacity, and all terminal caches are released (12.762042ms)
✔ oversized requests are explicitly rejected without deadlock or model execution (0.991208ms)
✔ cancellation of an active request releases its cache and preserves unrelated requests (14.321709ms)
✔ pending and queued cancellation have explicit terminal state and no leaked reservations (3.3315ms)
✔ an actual high EOS logit stops after one output and releases unconsumed reservation (6.283834ms)
✔ active cache represents exactly processed prompt plus previously emitted tokens, never future outputs (11.206041ms)
✔ full export/import resumes active KVs, scheduler state and RNG exactly (126.374083ms)
✔ a committed distributed checkpoint serves its new weights without falsifying original lifecycle history (68.832541ms)
✔ strict configuration rejects unknown keys, final-set prompts, oversized requests, duplicate identities and invalid bounds (1.637083ms)
✔ bounded import rejects tampered outputs, KV, trace, clocks, RNG, reservations and unknown fields (20.546ms)
✔ malicious command histories cannot cause unlimited simulated work (7.716042ms)
✔ workspace source import is transactional and preserves independent final exposure across old checkpoint restore (2.346959ms)
✔ distributed source exposure is retained without changing its computed serving replay (31.06775ms)
✔ symmetric int4 uses declared rounding, scale, nibble packing and exact independent unpacking (0.606792ms)
✔ quantized cache attention and output agree with independent quantize/dequantize arithmetic (14.173ms)
✔ quantization can alter a greedy token despite a small probability difference (10.286417ms)
✔ same fixed byte capacity admits more approximate positions with scale overhead included (196.703167ms)
✔ quantized serving imports replay packed codes, scales and approximate outputs (254.388208ms)
✔ quantized logical scheduling remains independent of per-request sampled draws (66.3055ms)
✔ matching authored proposals retain actual target cache and exactly match greedy generation (19.019791ms)
✔ first mismatch discards the wrong-prefix cache and recomputes actual fallback state (4.036833ms)
✔ second mismatch retains the accepted first-token KV and corrects only the output suffix (2.998542ms)
✔ every two-token authored proposal over the vocabulary produces the same bounded target greedy output (1209.838916ms)
✔ verification probabilities use the declared conditional prefix and independent full forward (2.022625ms)
✔ EOS prevents post-EOS speculative state from entering the committed cache (0.87425ms)
✔ max context verification and input budgets are explicit (1.502375ms)
✔ verification does not mutate source weights, prompt, proposal or RNG-bearing checkpoint (2.692667ms)
✔ fixed corpus lineage splits precede fitting and contain disjoint prompt families (1.2035ms)
✔ complete decoder forward matches an independent numerical implementation (6.683625ms)
✔ all parameter groups have checked supervised gradients, including shared embedding paths (15.560333ms)
✔ SFT masks remove prompt targets, use the correct denominator and retain response gradients (8.562791ms)
✔ causal prefix outputs are invariant to later token changes and extension (2.467625ms)
✔ zero output weights produce uniform probabilities and cross-entropy ln vocabulary (1.17175ms)
✔ first SGD and Adam updates follow independently calculated update rules after clipping (4.996458ms)
✔ same seed and checkpointed RNG/optimizer/cursor reproduce uninterrupted training exactly (210.427459ms)
✔ pretraining learns reserved context compositions and beats a training-fitted unigram baseline (574.718291ms)
✔ actual SFT changes weights and acquires the deliberately incompatible rule, exposing retention loss (179.346375ms)
✔ continuation keeps all-token supervision and replay samples both declared training domains (48.589667ms)
✔ DPO loss and gradient match independent response likelihood-ratio calculation (15.903791ms)
✔ DPO trains actual policy parameters while preserving its frozen reference; objective improvement is not task equivalence (280.986917ms)
✔ reward samples come from the current policy with explicit checked outcomes and detached baselines (4.821916ms)
✔ reward continuation is checkpoint reproducible with rollout RNG and finite updates (104.145833ms)
✔ sampled score-function and exact KL gradients match an independent frozen-rollout surrogate (5.791584ms)
✔ generation is actual autoregressive inference with a separate RNG and no weight updates (38.330167ms)
✔ sealed-final reports require explicit opening, retain evaluated identity and are not recomputed after learning (73.7295ms)
✔ checkpoint validation rejects unknown fields, nonfinite/oversized state, invalid source IDs and inconsistent counters (9.247875ms)
✔ bounded CPU and invalid operation failures preserve the previous workspace (0.770333ms)
✔ component workspace boundary retains final exposure across an older import and a new initialized run (3.056083ms)
✔ imported exposed checkpoint persists independent disclosure before any explicit save (5.0575ms)
✔ invalid and stale asynchronous imports preserve both the run and exposure journal (2.807ms)
✔ unavailable storage retains exposure within the mounted workspace and exported checkpoint (2.656208ms)
✔ corrupt saved bytes remain recoverable while an independent exposure marker survives load (0.120292ms)
✔ fresh workspace stays procedurally unopened and does not manufacture an exposure write (0.250166ms)
✔ an already mounted journal incorporates exposure recorded by another workspace before importing old state (0.317625ms)
✔ HBM counts physical bonds including the base, but die count does not multiply interface bandwidth (1.956209ms)
✔ distributed heat charges each segment only for the heat generated below it (0.291ms)
✔ screened-input yield is conditional and thermal/height constraints are independent of yield (1.703167ms)
✔ weight bytes, mutable KV and per-step append have different scaling (0.354875ms)
✔ placement conserves every weight and KV byte under both allocation priorities (1.439667ms)
✔ extra HBF capacity cannot rescue mutable KV or an undersized SRAM tile (0.134125ms)
✔ remote staging is capacity-checked and counts a physical HBM write plus read (0.112125ms)
✔ transfer startup vanishes at zero bytes and concurrency hides latency waves without multiplying bandwidth (0.104625ms)
✔ a larger downstream link stops helping after the source bandwidth becomes binding (0.26775ms)
✔ one-rank decode has no collective traffic or startup even with many selected collectives (0.110375ms)
✔ critical path uses maximum for overlap and sum for serial work, never duplicate package service (0.0885ms)
✔ energy integrates baseline once; overlap saves baseline energy while dynamic resource energy is unchanged (0.076917ms)
✔ batching reuses weights and extra ranks can replicate rather than endlessly shrink KV (0.089916ms)
✔ lab IDs are unique, type-guarded, source-backed, and formula-ready (0.067417ms)
✔ GEMM counts are derived from a tiny explicit multiply-add loop (3.693041ms)
✔ no-fault timing and energy have a hand-derived answer (1.192833ms)
✔ compute and memory form one max bound, not additive service or summed rates (0.437708ms)
✔ a shared fabric ceiling prevents unlimited strong scaling of a fixed payload (0.279542ms)
✔ checkpoints wait for a complete step, and partial final work is not useful work (0.125375ms)
✔ fault rollback, repair and checkpoint read consume separate, counted resources (0.187875ms)
✔ a fault in an unfinished first commit cannot restart from that checkpoint (0.14625ms)
✔ an earlier valid checkpoint survives an interrupted later checkpoint (0.106792ms)
✔ commit wins an exact timestamp tie with a fault; zero-delay repair still reads bytes (0.1775ms)
✔ overlapping repair waits form a union, not duplicated downtime or work losses (0.225875ms)
✔ a fault during restore counts the interrupted read and starts a fresh read (0.122375ms)
✔ checkpoint interval has both protection benefit and blocking overhead (0.265958ms)
✔ last commissioning gate controls dispatch, and pre-dispatch job faults are explicit (1.507625ms)
✔ whole-rack feed and coolant admission are independent and conservative (0.549458ms)
✔ admission reserves the most demanding phase even when checkpoint load exceeds run load (0.20075ms)
✔ voltage changes current at fixed power; branch current limits remain separate from feed W (0.404ms)
✔ conversion and PUE boundaries balance, without adding losses twice (0.266084ms)
✔ at fixed admitted load, twice the water flow halves rise but does not halve heat (0.346917ms)
✔ sampling frequency has no effect on event integration or final answers (0.95675ms)
✔ all phase rates and every sampled ledger satisfy physical and accounting invariants (13.869541ms)
✔ all authored examples are finite, typed, JSON serializable and independent inputs (26.132625ms)
✔ invalid inputs and unsupported resolution are rejected explicitly (0.656292ms)
✔ work plots preserve both sides of faults and atomic checkpoint commits (1.82675ms)
✔ radiation constant agrees with its independent expression in exact SI constants (1.834ms)
✔ hand-derived no-fault products, bytes, and bus/radio/radiator energy (3.135333ms)
✔ roofline local service uses max, and storage/commit service remains serial (0.542041ms)
✔ reset during a partial write loses its uncommitted arithmetic exactly once (1.096041ms)
✔ atomic commit wins a tie with reset; independent radio still drains a durable product (0.564958ms)
✔ overlapping reset recovery intervals form a union, not duplicated downtime (1.85675ms)
✔ contacts preserve partial receiver progress but free onboard slots only after acknowledgement (4.9415ms)
✔ buffer backpressure couples contact timing to new useful work (1.14225ms)
✔ sun/eclipse battery balance includes both efficiencies and does not invent solar energy (0.757667ms)
✔ empty battery causes explicit housekeeping deficit, without negative charge (0.807209ms)
✔ battery reserve protects housekeeping and optional loads resume with hysteresis (0.497875ms)
✔ radiator T⁴ bound includes sink and environment heat, and blocks optional payload (0.519084ms)
✔ battery charging loss can limit charge rate and curtail solar to satisfy heat bound (0.324792ms)
✔ flux/cross-section context is dimensioned and never double-multiplies retained work (1.129958ms)
✔ energy per delivered product accounts for initial battery energy, and closure is an explicit objective (0.493875ms)
✔ sampling does not alter physical events, energy or retained work (2.102166ms)
✔ full authored scenarios and 72 combinations conserve work, energy, time, and products (75.867625ms)
✔ sensitivity reruns the event model without mutating the source scenario (18.292708ms)
✔ unsupported inputs are rejected instead of producing silent NaN or invented contacts (1.407417ms)
✔ initial incompatible raw record survives multiple subsequent ordinary saves exactly (10.804333ms)
✔ legacy previous and invalid active raw values are both copied before first active replacement (0.128666ms)
✔ a failed backup leaves the old active record and recovery bytes unchanged (0.202041ms)
✔ a failed active write leaves the old head and a usable exact recovery copy, then retries safely (0.094167ms)
✔ unreadable history is exported exactly and prevents replacement until explicitly cleared after export (0.122208ms)
✔ capacity blocks the next save without dropping the oldest record and clearing exports permits continuation (0.257084ms)
✔ recovery export identity prevents clearing newer history, including legacy changes (0.353875ms)
✔ a stale second view cannot overwrite the newer active record or its history (0.379875ms)
✔ UTF-8 record and cumulative recovery limits preserve exact previous data (1.448292ms)
✔ explicit factory limit saves and reopens a real trained-source workspace while default remains 20k (17.790583ms)
✔ large supported records retain exact old data when backup or active write fails (10.793625ms)
✔ per-experience UTF-8 maximum rejects oversized writes before changing recovery or active data (4.515125ms)
✔ large records exhaust the unchanged history byte limit safely and resume only after explicit recovery clearance (15.285375ms)
✔ the static build resolves its assets at a root and a GitHub Pages subdirectory (23.739834ms)
✔ film runs from local resources and ships parseable authored JavaScript (3.850958ms)
✔ the standalone app retains base-relative film navigation and portable metadata (34.937375ms)
✔ source and static distributions retain exact license texts (5.149916ms)
✔ default units and expected quantities anchor the named specimen (3.20375ms)
✔ oxide variation propagates consistently into capacitance, beta and fixed-charge threshold (0.317584ms)
✔ current regimes join continuously, saturate at the declared overdrive and turn off (0.198416ms)
✔ balanced closed-form unity-gain points and conservative margins match (0.641292ms)
✔ ideal switching input exposes an interval of current-balanced outputs (0.23325ms)
✔ 54 process/load corners satisfy branch current balance and exact noise definitions (14.807917ms)
✔ transfer analytic slopes match an independent centered numerical derivative (0.479584ms)
✔ analytic delays match independent Simpson integration across 54 process/load corners (13.900666ms)
✔ constant saturation-current segment obeys CΔV/I and integration is additive (0.271ms)
✔ delay scales exactly with load while static transfer/noise does not (1.176625ms)
✔ geometry failure and asymmetric electrical failures stay distinct (0.43875ms)
✔ transition timestamps advance monotonically and the 50% sample matches delay (0.34925ms)
✔ invalid process domains, zero load and finite-time zero-voltage endpoint are rejected (0.588334ms)
✔ portable records retain exact complete inputs and reject model mismatches (0.42475ms)
✔ incompatible prior raw input is preserved before save and backup failure leaves active data (0.379625ms)
✔ finite-time inverse of the delay integral preserves the model clock and charge swing (1.39475ms)
✔ two complete lessons and eight canonical equations preserve valid graph references (339.947541ms)
✔ authored material-to-cell worked examples match current model values (2.4475ms)
✔ 14 routes and 84 states have bounded geometry, sources and valid mathematics (33.829083ms)
✔ thermal oxidation moves both oxide and consumed-silicon boundaries (0.099834ms)
✔ NCF precedes bonding; MR–MUF forms joints before mold; hybrid has neither solder nor film (0.187833ms)
✔ ALD purges remove gas pulse but preserve reacted surface (0.078833ms)
✔ exposure retains resist; development preserves target film (0.37625ms)
✔ etch consumes mask and exposes a failed requested profile when the mask exhausts (0.073375ms)
✔ NA doubling halves relative resolution and quarters depth of focus (0.096916ms)
✔ inspection preserves geometry where material does not change (1.887542ms)
✔ default compute versus memory is 3× versus 2× per two years with independently indexed baselines (3.086ms)
✔ interval selector reinterprets declared factors without silently annualizing them (0.287083ms)
✔ memory bandwidth, memory capacity and facility IT capacity keep different explicit metrics (0.312833ms)
✔ growth controls handle equal and declining rates; unknown or contradictory controls fail (0.410708ms)
✔ integer divisible allocation conserves capacity and demand across exhaustive small inputs (15.61625ms)
✔ hand-computed listed order, largest remainder and exact tie cases (0.13075ms)
✔ package complementarity is min feasible throughput, with explicit material conservation and changed bottleneck (0.476292ms)
✔ package whole-stack floor prevents using fractional complementary inputs (0.280417ms)
✔ hall first-fit and strict-order give independently hand-packed whole-rack jobs (0.273291ms)
✔ hall physical and whole-job constraints remain conserved over a parameter grid (0.857ms)
✔ gate and uniform-wire dimensional relations match independent arithmetic (0.345125ms)
✔ parallel-lane byte rate handles bit conversion and payload efficiency once (0.238166ms)
✔ small matrix example matches fixed independently known products and identity cases (0.585375ms)
✔ Adam scalar trace has correct independently derived first-step correction and zero-gradient behavior (0.330208ms)
✔ streaming softmax agrees with independent direct exponentials and permutation invariance (0.519666ms)
✔ KV allocation records unique physical blocks, final-block slack and declared reservation baseline (0.292667ms)
✔ bad resource inputs and identities are rejected rather than silently coerced (0.381ms)
✔ the guide preserves 76 exact milestone references and all selected lesson IDs are existing (2.052916ms)
✔ dated cases retain distinct statuses, scope limits, agent checks and explicit refresh rules (2.731959ms)
✔ synthetic fixture arithmetic is reproducible and does not consume source observations (0.990667ms)
✔ whole-rack boundaries handle decimal roundoff without accepting a meaningful power deficit (0.154875ms)
✔ source freshness uses real recorded dates and never invents a review or auto-certifies truth (1.708ms)
✔ six training users and two disjoint evaluation users have explicit population denominators (1.018084ms)
✔ known logging probabilities come from the assignment rule, not observed frequencies (0.367334ms)
✔ changing exposure seed or policy leaves authored potential outcomes fixed (1.181458ms)
✔ unshown potential outcomes and usefulness grades never enter fitting samples (2.552ms)
✔ weighted logistic derivatives agree with independent centered differences (0.932042ms)
✔ first actual gradient-descent update matches a direct weighted residual sum (0.296459ms)
✔ stable logistic loss handles extreme finite logits (0.075542ms)
✔ enumerating all exposure assignments proves fixed-score IPS expectation and denominator (0.41025ms)
✔ zero-support worlds have identical observations and different population outcomes (0.527333ms)
✔ positive probability with no observations is distinct from zero support (7.875834ms)
✔ NDCG, precision and recall agree with hand-derived cutoff denominators (0.185792ms)
✔ all 243 five-item grade combinations stay bounded and ideal rankings attain one (3.659291ms)
✔ candidate rankings preserve all items, stable tie order and disjoint evaluation contract (0.40775ms)
✔ macro evaluation is an equal-user mean, not a click-weighted or exposed-item average (0.117083ms)
✔ known propensities do not repair a click objective that rewards popular low-usefulness items (6.816458ms)
✔ weight concentration and clipping are computed from the actual exposed rows (4.377708ms)
✔ bounded scenario variations have finite fitted states and decreasing convex objectives (39.022083ms)
✔ strict inputs and records reject malformed or stale scenarios before restoration (0.428459ms)
✔ all four mathematical definitions render strict HTML and MathML without heuristic parsing (11.459ms)
✔ all 256 input pairs traverse the actual exported LUT/register graph with a preserved carry (43.988708ms)
✔ viewer extraction is tied to actual formal, simulation, placement, route and bitstream artifacts (3.3465ms)
✔ all mechanism experiences have stable IDs and meaningful reading destinations (3.375416ms)
✔ each explicit launch route has a valid lesson and the corresponding continuation context (2.102875ms)
✔ representative lessons route to the mechanism they actually illustrate, independently of scale bands (0.314291ms)
✔ a shared qualification boundary offers both relevant experiences in a stable order (0.192417ms)
✔ outbound further reading does not imply that the experience simulates that lesson (0.225041ms)
✔ unmodeled atomic physics, device switching, plant dynamics and orbital economics get no generic CTA (0.260125ms)
✔ navigation has no completion or first-attempt side effects (1.897166ms)
✔ every experience appears exactly once in desktop and mobile groups (0.107625ms)
✔ every authored operating scenario and all model defaults pass current record validation (73.02ms)
✔ record edition, model identity, exact envelope, timestamp, size and JSON errors are rejected (1.028416ms)
✔ unknown fields at every model option level cannot silently enter a workspace (0.564709ms)
✔ numeric input types, matrix compatibility, fully disabled lanes and malformed scenarios fail before use (0.290917ms)
✔ architecture cursor is constrained by the actual selected trace and specimen (13.85075ms)
✔ training cursor and time controls obey paired settings, including zero-step and partial imports (1.62275ms)
✔ memory address, package-stack and bank-state bounds remain linked to the same die count (0.460666ms)
✔ import simulation budgets reject giant timelines, event storms, tiny services and battery chatter (0.993125ms)
✔ progress records preserve named metric/period choices and reject out-of-range worked controls (0.485958ms)
✔ invalid persisted data survives initialization and repeated default registration without any autosave (0.384833ms)
✔ first edit preserves the exact incompatible record before writing the new edition, then saves normally (0.301125ms)
✔ invalid JSON, empty raw storage and invalid controls are preserved verbatim on first save (0.463834ms)
✔ import preserves incompatible raw separately from the latest current-edition undo workspace (1.22125ms)
✔ failed durable preservation blocks both autosave and import without losing old active data or live edits (0.439666ms)
✔ active-write failure retains the durable older raw and retry does not append a duplicate (0.152125ms)
✔ older recovery accumulates across editions and sees an incompatible active record arriving after initialization (0.483334ms)
✔ damaged recovery storage remains exportable and cannot be overwritten by a save or import (0.486083ms)
✔ saved values survive fresh default registration and exported records are detached snapshots (0.295625ms)
✔ invalid import preserves active inputs, active storage, backup and pending learner edits (0.314875ms)
✔ backup-write failure and active-write failure cannot swap live workspace; previous backup is restored (0.416417ms)
✔ successful import saves the latest pending workspace and canceled timer/effect callbacks cannot overwrite it (0.301875ms)
✔ reordered asynchronous imports and edits during file reads cannot replace newer work (0.17525ms)
✔ restore is a reversible workspace swap and storage failure does not falsely replace current inputs (0.172541ms)
✔ latest edit wins debouncing, shutdown flushes it, and failed storage retains exportable inputs (0.125792ms)
ℹ tests 729
ℹ suites 0
ℹ pass 729
ℹ fail 0
ℹ cancelled 0
ℹ skipped 0
ℹ todo 0
ℹ duration_ms 7403.123458

> ai-machinery-atlas@1.2.0 validate:teaching
> node scripts/validate-teaching.mjs

{
  "status": "pass",
  "contracts": 14,
  "independentHandArithmetic": "pass",
  "interruptedCommitCounterexample": "pass",
  "lessonSchema": "pass",
  "prerequisiteDAG": "pass",
  "reviewEvent": "agent source-scope; no human specialist or observation",
  "fingerprint": "efa38a2e2116a22c8af6e7216adf90b96cbe2e24e562ca93f27b812f15a17845",
  "integratedFingerprint": "15565fc27d681dedf4f5538299a990ba44c4dbe60f5480c638cac16caf5247a4"
}
{
  "status": "pass",
  "contractGroups": 9,
  "preservedContractGroups": 7,
  "addedContractGroups": [
    "joined-factory",
    "joined-memory"
  ],
  "models": {
    "factory": {
      "factory": "factory-actual-checkpoint-1",
      "decoder": "causal-decoder-lifecycle-1",
      "distributed": "distributed-causal-gradient-2",
      "commissioning": "commissioning-execution-1",
      "hall": 1
    },
    "memoryWorkload": "memory-workload-bridge-1"
  },
  "checkedAt": "2026-09-07",
  "actor": {
    "type": "agent",
    "id": "/root/curriculum_assessment"
  },
  "scope": "Existing seven groups preserved; added independent count, delta-time/energy, byte-capacity, dot-product, bit-change, staging and admission contracts. No learner, physical-device, assistive-technology or specialist observations."
}
{
  "passed": true,
  "counts": {
    "experiences": 8,
    "sourceUrls": 57,
    "sourceUses": 62,
    "recordedAgentChecks": 62,
    "checksNotRecorded": 0
  },
  "errors": [],
  "warnings": [
    "docs/curation/curation-manifest.json: baseline has advanced since inventory. This addendum preserves its captured identity and does not overwrite it."
  ],
  "snapshotChecks": {
    "mode": "current-repository",
    "changedFiles": [],
    "changedLessons": [],
    "missingFiles": []
  }
}
✔ eight experiences have valid source, scope, actor, ownership and URL reverse links (8.675792ms)
✔ a real model-scope change cannot reuse the experience fingerprint (2.208917ms)
✔ a source-use qualifier edit invalidates a previous check (0.08975ms)
✔ pending source uses cannot inherit dates, actor or accepted support (2.160625ms)
✔ source checks cannot be future dated or impossible calendar dates (3.303459ms)
✔ proposed deadlines start from the actual source-check day, not inventory date (0.075ms)
✔ agent metadata cannot become an unsupported human specialist approval (1.684333ms)
✔ URL changes invalidate source identities and reverse index (1.495291ms)
✔ complete fixture changes accepted → pending → explicit recheck and preserves both revisions (0.255667ms)
✔ supersession rejects an orphaned predecessor or successor (0.117458ms)
✔ the predecessor review cannot be relabeled to accept an unreviewed successor (0.07425ms)
✔ fixtures must be explicitly isolated and cannot impersonate a human reviewer (0.059042ms)
✔ fingerprints depend on statement, locator, exclusions and exact source identity (0.098083ms)
✔ an actual addendum successor can remain pending while preserving its accepted predecessor (1.960375ms)
ℹ tests 14
ℹ suites 0
ℹ pass 14
ℹ fail 0
ℹ cancelled 0
ℹ skipped 0
ℹ todo 0
ℹ duration_ms 59.844833
{
  "passed": true,
  "fixture": true,
  "states": [
    {
      "step": "before",
      "state": "agent-recheck-recorded"
    },
    {
      "step": "qualifier-change",
      "state": "recheck-required"
    },
    {
      "step": "after-explicit-recheck",
      "state": "agent-recheck-recorded"
    }
  ],
  "realReviewEventsWritten": 0
}
{
  "status": "pass",
  "integratedLessons": 4,
  "effectiveSnapshots": 4,
  "authorPrimarySourceUses": 7,
  "exactSourceUrls": 6,
  "claimScopes": 4,
  "priorEventsPreserved": 1,
  "independentArithmetic": "pass",
  "humanSpecialistReviews": 0
}
