Warning: No PCF file specified; IO pins will be placed automatically

Info: Packing constants..
Info: Packing IOs..
Info: Packing LUT-FFs..
Info:        2 LCs used as LUT4 only
Info:        5 LCs used as LUT4 and DFF
Info: Packing non-LUT FFs..
Info:        8 LCs used as DFF only
Info: Packing carries..
Info:        0 LCs used as CARRY only
Info: Packing indirect carry+LUT pairs...
Info:        0 LUTs merged into carry LCs
Info: Packing RAMs..
Info: Placing PLLs..
Info: Packing special functions..
Info: Packing PLLs..
Info: Promoting globals..
Info: promoting clk$SB_IO_IN (fanout 13)
Info: Constraining chains...
Info:        0 LCs used to legalise carry chains.
Info: Checksum: 0x20e95232

Info: Device utilisation:
Info: 	         ICESTORM_LC:      17/   1280     1%
Info: 	        ICESTORM_RAM:       0/     16     0%
Info: 	               SB_IO:      14/     96    14%
Info: 	               SB_GB:       1/      8    12%
Info: 	        ICESTORM_PLL:       0/      1     0%
Info: 	         SB_WARMBOOT:       0/      1     0%

Info: Placed 0 cells based on constraints.
Info: Creating initial analytic placement for 16 cells, random placement wirelen = 331.
Info:     at initial placer iter 0, wirelen = 116
Info:     at initial placer iter 1, wirelen = 116
Info:     at initial placer iter 2, wirelen = 117
Info:     at initial placer iter 3, wirelen = 116
Info: Running main analytical placer, max placement attempts per cell = 10000.
Info:     at iteration #1, type SB_GB: wirelen solved = 116, spread = 116, legal = 121; time = 0.00s
Info:     at iteration #1, type ICESTORM_LC: wirelen solved = 122, spread = 125, legal = 125; time = 0.00s
Info:     at iteration #1, type ALL: wirelen solved = 112, spread = 121, legal = 126; time = 0.00s
Info: HeAP Placer Time: 0.00s
Info:   of which solving equations: 0.00s
Info:   of which spreading cells: 0.00s
Info:   of which strict legalisation: 0.00s

Info: Running simulated annealing placer for refinement.
Info:   at iteration #1: temp = 0.000000, timing cost = 4, wirelen = 126
Info:   at iteration #5: temp = 0.000000, timing cost = 4, wirelen = 56
Info:   at iteration #10: temp = 0.000000, timing cost = 4, wirelen = 53
Info:   at iteration #15: temp = 0.000000, timing cost = 4, wirelen = 49
Info:   at iteration #18: temp = 0.000000, timing cost = 4, wirelen = 49 
Info: SA placement time 0.00s

Info: Max frequency for clock 'clk$SB_IO_IN_$glb_clk': 293.94 MHz (PASS at 100.00 MHz)

Info: Max delay <async>                       -> posedge clk$SB_IO_IN_$glb_clk: 2.22 ns
Info: Max delay posedge clk$SB_IO_IN_$glb_clk -> <async>                      : 1.75 ns

Info: Slack histogram:
Info:  legend: * represents 1 endpoint(s)
Info:          + represents [1,1) endpoint(s)
Info: [  6598,   6696) |** 
Info: [  6696,   6794) | 
Info: [  6794,   6892) | 
Info: [  6892,   6990) | 
Info: [  6990,   7088) | 
Info: [  7088,   7186) | 
Info: [  7186,   7284) | 
Info: [  7284,   7382) | 
Info: [  7382,   7480) |* 
Info: [  7480,   7578) | 
Info: [  7578,   7676) | 
Info: [  7676,   7774) | 
Info: [  7774,   7872) | 
Info: [  7872,   7970) | 
Info: [  7970,   8068) | 
Info: [  8068,   8166) | 
Info: [  8166,   8264) | 
Info: [  8264,   8362) | 
Info: [  8362,   8460) |******** 
Info: [  8460,   8558) |**** 
Info: Checksum: 0x5720d301

Info: Routing..
Info: Setting up routing queue.
Info: Routing 41 arcs.
Info:            |   (re-)routed arcs  |   delta    | remaining|       time spent     |
Info:    IterCnt |  w/ripup   wo/ripup |  w/r  wo/r |      arcs| batch(sec) total(sec)|
Info:         41 |        0         41 |    0    41 |         0|       0.00       0.00|
Info: Routing complete.
Info: Router1 time 0.00s
Info: Checksum: 0xd40d7126

Info: Critical path report for clock 'clk$SB_IO_IN_$glb_clk' (posedge -> posedge):
Info:       type curr  total name
Info:   clk-to-q  0.54  0.54 Source a_sampled_SB_DFF_Q_2_DFFLC.O
Info:    routing  0.59  1.13 Net a_sampled[1] (12,4) -> (12,4)
Info:                          Sink q_SB_DFF_Q_1_D_SB_LUT4_O_I3_SB_LUT4_O_LC.I0
Info:                          Defined in:
Info:                               adder.v:2.27-2.28
Info:      logic  0.45  1.58 Source q_SB_DFF_Q_1_D_SB_LUT4_O_I3_SB_LUT4_O_LC.O
Info:    routing  0.59  2.16 Net q_SB_DFF_Q_1_D_SB_LUT4_O_I3[2] (12,4) -> (12,5)
Info:                          Sink q_SB_DFF_Q_D_SB_LUT4_O_I3_SB_LUT4_O_LC.I3
Info:                          Defined in:
Info:                               /opt/homebrew/bin/../share/yosys/ice40/cells_map.v:6.21-6.22
Info:      logic  0.31  2.48 Source q_SB_DFF_Q_D_SB_LUT4_O_I3_SB_LUT4_O_LC.O
Info:    routing  0.59  3.07 Net q_SB_DFF_Q_D_SB_LUT4_O_I3[2] (12,5) -> (12,4)
Info:                          Sink q_SB_DFF_Q_D_SB_LUT4_O_LC.I3
Info:                          Defined in:
Info:                               /opt/homebrew/bin/../share/yosys/ice40/cells_map.v:6.21-6.22
Info:      setup  0.34  3.40 Source q_SB_DFF_Q_D_SB_LUT4_O_LC.I3
Info: 1.64 ns logic, 1.76 ns routing

Info: Critical path report for cross-domain path '<async>' -> 'posedge clk$SB_IO_IN_$glb_clk':
Info:       type curr  total name
Info:     source  0.00  0.00 Source b[1]$sb_io.D_IN_0
Info:    routing  1.67  1.67 Net b[1]$SB_IO_IN (0,4) -> (11,4)
Info:                          Sink b_sampled_SB_DFF_Q_1_DFFLC.I0
Info:                          Defined in:
Info:                               adder.v:15.46-15.47
Info:      setup  0.47  2.14 Source b_sampled_SB_DFF_Q_1_DFFLC.I0
Info: 0.47 ns logic, 1.67 ns routing

Info: Critical path report for cross-domain path 'posedge clk$SB_IO_IN_$glb_clk' -> '<async>':
Info:       type curr  total name
Info:   clk-to-q  0.54  0.54 Source q_SB_DFF_Q_1_D_SB_LUT4_O_LC.O
Info:    routing  1.64  2.18 Net q[2]$SB_IO_OUT (12,5) -> (13,8)
Info:                          Sink q[2]$sb_io.D_OUT_0
Info:                          Defined in:
Info:                               adder.v:15.66-15.67
Info: 0.54 ns logic, 1.64 ns routing

Info: Max frequency for clock 'clk$SB_IO_IN_$glb_clk': 293.94 MHz (PASS at 100.00 MHz)

Info: Max delay <async>                       -> posedge clk$SB_IO_IN_$glb_clk: 2.14 ns
Info: Max delay posedge clk$SB_IO_IN_$glb_clk -> <async>                      : 2.18 ns

Info: Slack histogram:
Info:  legend: * represents 1 endpoint(s)
Info:          + represents [1,1) endpoint(s)
Info: [  6598,   6695) |** 
Info: [  6695,   6792) | 
Info: [  6792,   6889) | 
Info: [  6889,   6986) | 
Info: [  6986,   7083) | 
Info: [  7083,   7180) | 
Info: [  7180,   7277) | 
Info: [  7277,   7374) | 
Info: [  7374,   7471) | 
Info: [  7471,   7568) |* 
Info: [  7568,   7665) | 
Info: [  7665,   7762) | 
Info: [  7762,   7859) | 
Info: [  7859,   7956) | 
Info: [  7956,   8053) | 
Info: [  8053,   8150) | 
Info: [  8150,   8247) | 
Info: [  8247,   8344) | 
Info: [  8344,   8441) |* 
Info: [  8441,   8538) |*********** 

1 warning, 0 errors

Info: Program finished normally.
