
-- Executing script file `synthesize.ys' --

1. Executing Verilog-2005 frontend: adder.v
Parsing Verilog input from `adder.v' to AST representation.
Generating RTLIL representation for module `\adder4'.
Generating RTLIL representation for module `\atlas_adder'.
Generating RTLIL representation for module `\adder_contract'.
Successfully finished Verilog frontend.

2. Executing SYNTH_ICE40 pass.

2.1. Executing Verilog-2005 frontend: /opt/homebrew/bin/../share/yosys/ice40/cells_sim.v
Parsing Verilog input from `/opt/homebrew/bin/../share/yosys/ice40/cells_sim.v' to AST representation.
Generating RTLIL representation for module `\SB_IO'.
Generating RTLIL representation for module `\SB_GB_IO'.
Generating RTLIL representation for module `\SB_GB'.
Generating RTLIL representation for module `\SB_LUT4'.
Generating RTLIL representation for module `\SB_CARRY'.
Generating RTLIL representation for module `\SB_DFF'.
Generating RTLIL representation for module `\SB_DFFE'.
Generating RTLIL representation for module `\SB_DFFSR'.
Generating RTLIL representation for module `\SB_DFFR'.
Generating RTLIL representation for module `\SB_DFFSS'.
Generating RTLIL representation for module `\SB_DFFS'.
Generating RTLIL representation for module `\SB_DFFESR'.
Generating RTLIL representation for module `\SB_DFFER'.
Generating RTLIL representation for module `\SB_DFFESS'.
Generating RTLIL representation for module `\SB_DFFES'.
Generating RTLIL representation for module `\SB_DFFN'.
Generating RTLIL representation for module `\SB_DFFNE'.
Generating RTLIL representation for module `\SB_DFFNSR'.
Generating RTLIL representation for module `\SB_DFFNR'.
Generating RTLIL representation for module `\SB_DFFNSS'.
Generating RTLIL representation for module `\SB_DFFNS'.
Generating RTLIL representation for module `\SB_DFFNESR'.
Generating RTLIL representation for module `\SB_DFFNER'.
Generating RTLIL representation for module `\SB_DFFNESS'.
Generating RTLIL representation for module `\SB_DFFNES'.
Generating RTLIL representation for module `\SB_RAM40_4K'.
Generating RTLIL representation for module `\SB_RAM40_4KNR'.
Generating RTLIL representation for module `\SB_RAM40_4KNW'.
Generating RTLIL representation for module `\SB_RAM40_4KNRNW'.
Generating RTLIL representation for module `\ICESTORM_LC'.
Generating RTLIL representation for module `\SB_PLL40_CORE'.
Generating RTLIL representation for module `\SB_PLL40_PAD'.
Generating RTLIL representation for module `\SB_PLL40_2_PAD'.
Generating RTLIL representation for module `\SB_PLL40_2F_CORE'.
Generating RTLIL representation for module `\SB_PLL40_2F_PAD'.
Generating RTLIL representation for module `\SB_WARMBOOT'.
Generating RTLIL representation for module `\SB_SPRAM256KA'.
Generating RTLIL representation for module `\SB_HFOSC'.
Generating RTLIL representation for module `\SB_LFOSC'.
Generating RTLIL representation for module `\SB_RGBA_DRV'.
Generating RTLIL representation for module `\SB_LED_DRV_CUR'.
Generating RTLIL representation for module `\SB_RGB_DRV'.
Generating RTLIL representation for module `\SB_I2C'.
Generating RTLIL representation for module `\SB_SPI'.
Generating RTLIL representation for module `\SB_LEDDA_IP'.
Generating RTLIL representation for module `\SB_FILTER_50NS'.
Generating RTLIL representation for module `\SB_IO_I3C'.
Generating RTLIL representation for module `\SB_IO_OD'.
Generating RTLIL representation for module `\SB_MAC16'.
Generating RTLIL representation for module `\ICESTORM_RAM'.
Successfully finished Verilog frontend.

2.2. Executing HIERARCHY pass (managing design hierarchy).

2.2.1. Analyzing design hierarchy..
Top module:  \atlas_adder
Used module:     \adder4

2.2.2. Analyzing design hierarchy..
Top module:  \atlas_adder
Used module:     \adder4
Removing unused module `\adder_contract'.
Removed 1 unused modules.
Mapping positional arguments of cell atlas_adder.arithmetic (adder4).

2.3. Executing PROC pass (convert processes to netlists).

2.3.1. Executing PROC_CLEAN pass (remove empty switches from decision trees).
Cleaned up 0 empty switches.

2.3.2. Executing PROC_RMDEAD pass (remove dead branches from decision trees).
Removed a total of 0 dead cases.

2.3.3. Executing PROC_PRUNE pass (remove redundant assignments in processes).
Removed 0 redundant assignments.
Promoted 3 assignments to connections.

2.3.4. Executing PROC_INIT pass (extract init attributes).

2.3.5. Executing PROC_ARST pass (detect async resets in processes).

2.3.6. Executing PROC_ROM pass (convert switches to ROMs).
Converted 0 switches.

2.3.7. Executing PROC_MUX pass (convert decision trees to multiplexers).
Creating decoders for process `\atlas_adder.$proc$adder.v:19$25'.

2.3.8. Executing PROC_DLATCH pass (convert process syncs to latches).

2.3.9. Executing PROC_DFF pass (convert process syncs to FFs).
Creating register for signal `\atlas_adder.\q' using process `\atlas_adder.$proc$adder.v:19$25'.
  created $dff cell `$procdff$408' with positive edge clock.
Creating register for signal `\atlas_adder.\a_sampled' using process `\atlas_adder.$proc$adder.v:19$25'.
  created $dff cell `$procdff$409' with positive edge clock.
Creating register for signal `\atlas_adder.\b_sampled' using process `\atlas_adder.$proc$adder.v:19$25'.
  created $dff cell `$procdff$410' with positive edge clock.

2.3.10. Executing PROC_MEMWR pass (convert process memory writes to cells).

2.3.11. Executing PROC_CLEAN pass (remove empty switches from decision trees).
Removing empty process `atlas_adder.$proc$adder.v:19$25'.
Cleaned up 0 empty switches.

2.3.12. Executing OPT_EXPR pass (perform const folding).
Optimizing module atlas_adder.
Optimizing module adder4.
<suppressed ~3 debug messages>

2.4. Executing CHECK pass (checking for obvious problems).
Checking module atlas_adder...
Checking module adder4...
Found and reported 0 problems.

2.5. Executing FLATTEN pass (flatten design).
Deleting now unused module adder4.
<suppressed ~1 debug messages>

2.6. Executing TRIBUF pass.

2.7. Executing DEMINOUT pass (demote inout ports to input or output).

2.8. Executing OPT_EXPR pass (perform const folding).
Optimizing module atlas_adder.

2.9. Executing OPT_CLEAN pass (remove unused cells and wires).
Finding unused cells or wires in module \atlas_adder..
Removed 1 unused cells and 15 unused wires.
<suppressed ~2 debug messages>

2.10. Executing CHECK pass (checking for obvious problems).
Checking module atlas_adder...
Found and reported 0 problems.

2.11. Executing OPT pass (performing simple optimizations).

2.11.1. Executing OPT_EXPR pass (perform const folding).
Optimizing module atlas_adder.

2.11.2. Executing OPT_MERGE pass (detect identical cells).
Finding identical cells in module `\atlas_adder'.
Computing hashes of 24 cells of `\atlas_adder'.
Finding duplicate cells in `\atlas_adder'.
Computing hashes of 21 cells of `\atlas_adder'.
Finding duplicate cells in `\atlas_adder'.
<suppressed ~9 debug messages>
Removed a total of 3 cells.

2.11.3. Executing OPT_MUXTREE pass (detect dead branches in mux trees).
Running muxtree optimizer on module \atlas_adder..
  Creating internal representation of mux trees.
  No muxes found in this module.
Removed 0 multiplexer ports.

2.11.4. Executing OPT_REDUCE pass (consolidate $*mux and $reduce_* inputs).
  Optimizing cells in module \atlas_adder.
Performed a total of 0 changes.

2.11.5. Executing OPT_MERGE pass (detect identical cells).
Finding identical cells in module `\atlas_adder'.
Computing hashes of 21 cells of `\atlas_adder'.
Finding duplicate cells in `\atlas_adder'.
Removed a total of 0 cells.

2.11.6. Executing OPT_DFF pass (perform DFF optimizations).

2.11.7. Executing OPT_CLEAN pass (remove unused cells and wires).
Finding unused cells or wires in module \atlas_adder..
Removed 0 unused cells and 3 unused wires.
<suppressed ~1 debug messages>

2.11.8. Executing OPT_EXPR pass (perform const folding).
Optimizing module atlas_adder.

2.11.9. Rerunning OPT passes. (Maybe there is more to do..)

2.11.10. Executing OPT_MUXTREE pass (detect dead branches in mux trees).
Running muxtree optimizer on module \atlas_adder..
  Creating internal representation of mux trees.
  No muxes found in this module.
Removed 0 multiplexer ports.

2.11.11. Executing OPT_REDUCE pass (consolidate $*mux and $reduce_* inputs).
  Optimizing cells in module \atlas_adder.
Performed a total of 0 changes.

2.11.12. Executing OPT_MERGE pass (detect identical cells).
Finding identical cells in module `\atlas_adder'.
Computing hashes of 21 cells of `\atlas_adder'.
Finding duplicate cells in `\atlas_adder'.
Removed a total of 0 cells.

2.11.13. Executing OPT_DFF pass (perform DFF optimizations).

2.11.14. Executing OPT_CLEAN pass (remove unused cells and wires).
Finding unused cells or wires in module \atlas_adder..

2.11.15. Executing OPT_EXPR pass (perform const folding).
Optimizing module atlas_adder.

2.11.16. Finished fast OPT passes. (There is nothing left to do.)

2.12. Executing FSM pass (extract and optimize FSM).

2.12.1. Executing FSM_DETECT pass (finding FSMs in design).

2.12.2. Executing FSM_EXTRACT pass (extracting FSM from design).

2.12.3. Executing FSM_OPT pass (simple optimizations of FSMs).

2.12.4. Executing OPT_CLEAN pass (remove unused cells and wires).
Finding unused cells or wires in module \atlas_adder..

2.12.5. Executing FSM_OPT pass (simple optimizations of FSMs).

2.12.6. Executing FSM_RECODE pass (re-assigning FSM state encoding).

2.12.7. Executing FSM_INFO pass (dumping all available information on FSM cells).

2.12.8. Executing FSM_MAP pass (mapping FSMs to basic logic).

2.13. Executing OPT pass (performing simple optimizations).

2.13.1. Executing OPT_EXPR pass (perform const folding).
Optimizing module atlas_adder.

2.13.2. Executing OPT_MERGE pass (detect identical cells).
Finding identical cells in module `\atlas_adder'.
Computing hashes of 21 cells of `\atlas_adder'.
Finding duplicate cells in `\atlas_adder'.
Removed a total of 0 cells.

2.13.3. Executing OPT_MUXTREE pass (detect dead branches in mux trees).
Running muxtree optimizer on module \atlas_adder..
  Creating internal representation of mux trees.
  No muxes found in this module.
Removed 0 multiplexer ports.

2.13.4. Executing OPT_REDUCE pass (consolidate $*mux and $reduce_* inputs).
  Optimizing cells in module \atlas_adder.
Performed a total of 0 changes.

2.13.5. Executing OPT_MERGE pass (detect identical cells).
Finding identical cells in module `\atlas_adder'.
Computing hashes of 21 cells of `\atlas_adder'.
Finding duplicate cells in `\atlas_adder'.
Removed a total of 0 cells.

2.13.6. Executing OPT_DFF pass (perform DFF optimizations).

2.13.7. Executing OPT_CLEAN pass (remove unused cells and wires).
Finding unused cells or wires in module \atlas_adder..

2.13.8. Executing OPT_EXPR pass (perform const folding).
Optimizing module atlas_adder.

2.13.9. Finished fast OPT passes. (There is nothing left to do.)

2.14. Executing WREDUCE pass (reducing word size of cells).

2.15. Executing PEEPOPT pass (run peephole optimizers).

2.16. Executing OPT_CLEAN pass (remove unused cells and wires).
Finding unused cells or wires in module \atlas_adder..

2.17. Executing SHARE pass (SAT-based resource sharing).

2.18. Executing TECHMAP pass (map to technology primitives).

2.18.1. Executing Verilog-2005 frontend: /opt/homebrew/bin/../share/yosys/cmp2lut.v
Parsing Verilog input from `/opt/homebrew/bin/../share/yosys/cmp2lut.v' to AST representation.
Generating RTLIL representation for module `\_90_lut_cmp_'.
Successfully finished Verilog frontend.

2.18.2. Continuing TECHMAP pass.
No more expansions possible.
<suppressed ~6 debug messages>

2.19. Executing OPT_EXPR pass (perform const folding).
Optimizing module atlas_adder.

2.20. Executing OPT_CLEAN pass (remove unused cells and wires).
Finding unused cells or wires in module \atlas_adder..

2.21. Executing ALUMACC pass (create $alu and $macc cells).
Extracting $alu and $macc cells in module atlas_adder:
  created 0 $alu and 0 $macc cells.

2.22. Executing OPT pass (performing simple optimizations).

2.22.1. Executing OPT_EXPR pass (perform const folding).
Optimizing module atlas_adder.

2.22.2. Executing OPT_MERGE pass (detect identical cells).
Finding identical cells in module `\atlas_adder'.
Computing hashes of 21 cells of `\atlas_adder'.
Finding duplicate cells in `\atlas_adder'.
Removed a total of 0 cells.

2.22.3. Executing OPT_MUXTREE pass (detect dead branches in mux trees).
Running muxtree optimizer on module \atlas_adder..
  Creating internal representation of mux trees.
  No muxes found in this module.
Removed 0 multiplexer ports.

2.22.4. Executing OPT_REDUCE pass (consolidate $*mux and $reduce_* inputs).
  Optimizing cells in module \atlas_adder.
Performed a total of 0 changes.

2.22.5. Executing OPT_MERGE pass (detect identical cells).
Finding identical cells in module `\atlas_adder'.
Computing hashes of 21 cells of `\atlas_adder'.
Finding duplicate cells in `\atlas_adder'.
Removed a total of 0 cells.

2.22.6. Executing OPT_DFF pass (perform DFF optimizations).

2.22.7. Executing OPT_CLEAN pass (remove unused cells and wires).
Finding unused cells or wires in module \atlas_adder..

2.22.8. Executing OPT_EXPR pass (perform const folding).
Optimizing module atlas_adder.

2.22.9. Finished fast OPT passes. (There is nothing left to do.)

2.23. Executing MEMORY pass.

2.23.1. Executing OPT_MEM pass (optimize memories).
Performed a total of 0 transformations.

2.23.2. Executing OPT_MEM_PRIORITY pass (removing unnecessary memory write priority relations).
Performed a total of 0 transformations.

2.23.3. Executing OPT_MEM_FEEDBACK pass (finding memory read-to-write feedback paths).

2.23.4. Executing MEMORY_BMUX2ROM pass (converting muxes to ROMs).

2.23.5. Executing MEMORY_DFF pass (merging $dff cells to $memrd).

2.23.6. Executing OPT_CLEAN pass (remove unused cells and wires).
Finding unused cells or wires in module \atlas_adder..

2.23.7. Executing MEMORY_SHARE pass (consolidating $memrd/$memwr cells).

2.23.8. Executing OPT_MEM_WIDEN pass (optimize memories where all ports are wide).
Performed a total of 0 transformations.

2.23.9. Executing OPT_CLEAN pass (remove unused cells and wires).
Finding unused cells or wires in module \atlas_adder..

2.23.10. Executing MEMORY_COLLECT pass (generating $mem cells).

2.24. Executing OPT_CLEAN pass (remove unused cells and wires).
Finding unused cells or wires in module \atlas_adder..

2.25. Executing MEMORY_LIBMAP pass (mapping memories to cells).

2.26. Executing TECHMAP pass (map to technology primitives).

2.26.1. Executing Verilog-2005 frontend: /opt/homebrew/bin/../share/yosys/ice40/brams_map.v
Parsing Verilog input from `/opt/homebrew/bin/../share/yosys/ice40/brams_map.v' to AST representation.
Generating RTLIL representation for module `$__ICE40_RAM4K_'.
Successfully finished Verilog frontend.

2.26.2. Executing Verilog-2005 frontend: /opt/homebrew/bin/../share/yosys/ice40/spram_map.v
Parsing Verilog input from `/opt/homebrew/bin/../share/yosys/ice40/spram_map.v' to AST representation.
Generating RTLIL representation for module `$__ICE40_SPRAM_'.
Successfully finished Verilog frontend.

2.26.3. Continuing TECHMAP pass.
No more expansions possible.
<suppressed ~4 debug messages>

2.27. Executing ICE40_BRAMINIT pass.

2.28. Executing OPT pass (performing simple optimizations).

2.28.1. Executing OPT_EXPR pass (perform const folding).
Optimizing module atlas_adder.

2.28.2. Executing OPT_MERGE pass (detect identical cells).
Finding identical cells in module `\atlas_adder'.
Computing hashes of 21 cells of `\atlas_adder'.
Finding duplicate cells in `\atlas_adder'.
Removed a total of 0 cells.

2.28.3. Executing OPT_DFF pass (perform DFF optimizations).

2.28.4. Executing OPT_CLEAN pass (remove unused cells and wires).
Finding unused cells or wires in module \atlas_adder..

2.28.5. Finished fast OPT passes.

2.29. Executing MEMORY_MAP pass (converting memories to logic and flip-flops).

2.30. Executing OPT pass (performing simple optimizations).

2.30.1. Executing OPT_EXPR pass (perform const folding).
Optimizing module atlas_adder.

2.30.2. Executing OPT_MERGE pass (detect identical cells).
Finding identical cells in module `\atlas_adder'.
Computing hashes of 21 cells of `\atlas_adder'.
Finding duplicate cells in `\atlas_adder'.
Removed a total of 0 cells.

2.30.3. Executing OPT_MUXTREE pass (detect dead branches in mux trees).
Running muxtree optimizer on module \atlas_adder..
  Creating internal representation of mux trees.
  No muxes found in this module.
Removed 0 multiplexer ports.

2.30.4. Executing OPT_REDUCE pass (consolidate $*mux and $reduce_* inputs).
  Optimizing cells in module \atlas_adder.
Performed a total of 0 changes.

2.30.5. Executing OPT_MERGE pass (detect identical cells).
Finding identical cells in module `\atlas_adder'.
Computing hashes of 21 cells of `\atlas_adder'.
Finding duplicate cells in `\atlas_adder'.
Removed a total of 0 cells.

2.30.6. Executing OPT_DFF pass (perform DFF optimizations).

2.30.7. Executing OPT_CLEAN pass (remove unused cells and wires).
Finding unused cells or wires in module \atlas_adder..

2.30.8. Executing OPT_EXPR pass (perform const folding).
Optimizing module atlas_adder.

2.30.9. Finished fast OPT passes. (There is nothing left to do.)

2.31. Executing ICE40_WRAPCARRY pass (wrap carries).

2.32. Executing TECHMAP pass (map to technology primitives).

2.32.1. Executing Verilog-2005 frontend: /opt/homebrew/bin/../share/yosys/techmap.v
Parsing Verilog input from `/opt/homebrew/bin/../share/yosys/techmap.v' to AST representation.
Generating RTLIL representation for module `\_90_simplemap_bool_ops'.
Generating RTLIL representation for module `\_90_simplemap_reduce_ops'.
Generating RTLIL representation for module `\_90_simplemap_logic_ops'.
Generating RTLIL representation for module `\_90_simplemap_compare_ops'.
Generating RTLIL representation for module `\_90_simplemap_various'.
Generating RTLIL representation for module `\_90_simplemap_registers'.
Generating RTLIL representation for module `\_90_shift_ops_shr_shl_sshl_sshr'.
Generating RTLIL representation for module `\_90_shift_shiftx'.
Generating RTLIL representation for module `\_90_fa'.
Generating RTLIL representation for module `\_90_lcu_brent_kung'.
Generating RTLIL representation for module `\_90_alu'.
Generating RTLIL representation for module `\_90_macc'.
Generating RTLIL representation for module `\_90_alumacc'.
Generating RTLIL representation for module `$__div_mod_u'.
Generating RTLIL representation for module `$__div_mod_trunc'.
Generating RTLIL representation for module `\_90_div'.
Generating RTLIL representation for module `\_90_mod'.
Generating RTLIL representation for module `$__div_mod_floor'.
Generating RTLIL representation for module `\_90_divfloor'.
Generating RTLIL representation for module `\_90_modfloor'.
Generating RTLIL representation for module `\_90_pow'.
Generating RTLIL representation for module `\_90_demux'.
Generating RTLIL representation for module `\_90_lut'.
Generating RTLIL representation for module `$connect'.
Generating RTLIL representation for module `$input_port'.
Successfully finished Verilog frontend.

2.32.2. Executing Verilog-2005 frontend: /opt/homebrew/bin/../share/yosys/ice40/arith_map.v
Parsing Verilog input from `/opt/homebrew/bin/../share/yosys/ice40/arith_map.v' to AST representation.
Generating RTLIL representation for module `\_80_ice40_alu'.
Successfully finished Verilog frontend.

2.32.3. Continuing TECHMAP pass.
Using extmapper simplemap for cells of type $dff.
Using extmapper simplemap for cells of type $and.
Using extmapper simplemap for cells of type $xor.
Using extmapper simplemap for cells of type $or.
No more expansions possible.
<suppressed ~97 debug messages>

2.33. Executing OPT pass (performing simple optimizations).

2.33.1. Executing OPT_EXPR pass (perform const folding).
Optimizing module atlas_adder.

2.33.2. Executing OPT_MERGE pass (detect identical cells).
Finding identical cells in module `\atlas_adder'.
Computing hashes of 31 cells of `\atlas_adder'.
Finding duplicate cells in `\atlas_adder'.
Removed a total of 0 cells.

2.33.3. Executing OPT_DFF pass (perform DFF optimizations).

2.33.4. Executing OPT_CLEAN pass (remove unused cells and wires).
Finding unused cells or wires in module \atlas_adder..

2.33.5. Finished fast OPT passes.

2.34. Executing ICE40_OPT pass (performing simple optimizations).

2.34.1. Running ICE40 specific optimizations.

2.34.2. Executing OPT_EXPR pass (perform const folding).
Optimizing module atlas_adder.

2.34.3. Executing OPT_MERGE pass (detect identical cells).
Finding identical cells in module `\atlas_adder'.
Computing hashes of 31 cells of `\atlas_adder'.
Finding duplicate cells in `\atlas_adder'.
Removed a total of 0 cells.

2.34.4. Executing OPT_DFF pass (perform DFF optimizations).

2.34.5. Executing OPT_CLEAN pass (remove unused cells and wires).
Finding unused cells or wires in module \atlas_adder..

2.34.6. Finished OPT passes. (There is nothing left to do.)

2.35. Executing DFFLEGALIZE pass (convert FFs to types supported by the target).

2.36. Executing TECHMAP pass (map to technology primitives).

2.36.1. Executing Verilog-2005 frontend: /opt/homebrew/bin/../share/yosys/ice40/ff_map.v
Parsing Verilog input from `/opt/homebrew/bin/../share/yosys/ice40/ff_map.v' to AST representation.
Generating RTLIL representation for module `$_DFF_N_'.
Generating RTLIL representation for module `$_DFF_P_'.
Generating RTLIL representation for module `$_DFFE_NP_'.
Generating RTLIL representation for module `$_DFFE_PP_'.
Generating RTLIL representation for module `$_DFF_NP0_'.
Generating RTLIL representation for module `$_DFF_NP1_'.
Generating RTLIL representation for module `$_DFF_PP0_'.
Generating RTLIL representation for module `$_DFF_PP1_'.
Generating RTLIL representation for module `$_DFFE_NP0P_'.
Generating RTLIL representation for module `$_DFFE_NP1P_'.
Generating RTLIL representation for module `$_DFFE_PP0P_'.
Generating RTLIL representation for module `$_DFFE_PP1P_'.
Generating RTLIL representation for module `$_SDFF_NP0_'.
Generating RTLIL representation for module `$_SDFF_NP1_'.
Generating RTLIL representation for module `$_SDFF_PP0_'.
Generating RTLIL representation for module `$_SDFF_PP1_'.
Generating RTLIL representation for module `$_SDFFCE_NP0P_'.
Generating RTLIL representation for module `$_SDFFCE_NP1P_'.
Generating RTLIL representation for module `$_SDFFCE_PP0P_'.
Generating RTLIL representation for module `$_SDFFCE_PP1P_'.
Successfully finished Verilog frontend.

2.36.2. Continuing TECHMAP pass.
Using template $_DFF_P_ for cells of type $_DFF_P_.
No more expansions possible.
<suppressed ~35 debug messages>

2.37. Executing OPT_EXPR pass (perform const folding).
Optimizing module atlas_adder.

2.38. Executing SIMPLEMAP pass (map simple cells to gate primitives).

2.39. Executing ICE40_OPT pass (performing simple optimizations).

2.39.1. Running ICE40 specific optimizations.

2.39.2. Executing OPT_EXPR pass (perform const folding).
Optimizing module atlas_adder.

2.39.3. Executing OPT_MERGE pass (detect identical cells).
Finding identical cells in module `\atlas_adder'.
Computing hashes of 31 cells of `\atlas_adder'.
Finding duplicate cells in `\atlas_adder'.
Removed a total of 0 cells.

2.39.4. Executing OPT_DFF pass (perform DFF optimizations).

2.39.5. Executing OPT_CLEAN pass (remove unused cells and wires).
Finding unused cells or wires in module \atlas_adder..
Removed 0 unused cells and 52 unused wires.
<suppressed ~1 debug messages>

2.39.6. Rerunning OPT passes. (Removed registers in this run.)

2.39.7. Running ICE40 specific optimizations.

2.39.8. Executing OPT_EXPR pass (perform const folding).
Optimizing module atlas_adder.

2.39.9. Executing OPT_MERGE pass (detect identical cells).
Finding identical cells in module `\atlas_adder'.
Computing hashes of 31 cells of `\atlas_adder'.
Finding duplicate cells in `\atlas_adder'.
Removed a total of 0 cells.

2.39.10. Executing OPT_DFF pass (perform DFF optimizations).

2.39.11. Executing OPT_CLEAN pass (remove unused cells and wires).
Finding unused cells or wires in module \atlas_adder..

2.39.12. Finished OPT passes. (There is nothing left to do.)

2.40. Executing CHECK pass (checking for obvious problems).
Checking module atlas_adder...
Found and reported 0 problems.

2.41. Executing TECHMAP pass (map to technology primitives).

2.41.1. Executing Verilog-2005 frontend: /opt/homebrew/bin/../share/yosys/ice40/latches_map.v
Parsing Verilog input from `/opt/homebrew/bin/../share/yosys/ice40/latches_map.v' to AST representation.
Generating RTLIL representation for module `$_DLATCH_N_'.
Generating RTLIL representation for module `$_DLATCH_P_'.
Successfully finished Verilog frontend.

2.41.2. Continuing TECHMAP pass.
No more expansions possible.
<suppressed ~4 debug messages>

2.42. Executing Verilog-2005 frontend: /opt/homebrew/bin/../share/yosys/ice40/abc9_model.v
Parsing Verilog input from `/opt/homebrew/bin/../share/yosys/ice40/abc9_model.v' to AST representation.
Generating RTLIL representation for module `$__ICE40_CARRY_WRAPPER'.
Successfully finished Verilog frontend.

2.43. Executing ABC9 pass.

2.43.1. Executing ABC9_OPS pass (helper functions for ABC9).

2.43.2. Executing ABC9_OPS pass (helper functions for ABC9).

2.43.3. Executing SCC pass (detecting logic loops).
Found 0 SCCs in module atlas_adder.
Found 0 SCCs.

2.43.4. Executing ABC9_OPS pass (helper functions for ABC9).

2.43.5. Executing TECHMAP pass (map to technology primitives).

2.43.5.1. Executing Verilog-2005 frontend: /opt/homebrew/bin/../share/yosys/techmap.v
Parsing Verilog input from `/opt/homebrew/bin/../share/yosys/techmap.v' to AST representation.
Generating RTLIL representation for module `\_90_simplemap_bool_ops'.
Generating RTLIL representation for module `\_90_simplemap_reduce_ops'.
Generating RTLIL representation for module `\_90_simplemap_logic_ops'.
Generating RTLIL representation for module `\_90_simplemap_compare_ops'.
Generating RTLIL representation for module `\_90_simplemap_various'.
Generating RTLIL representation for module `\_90_simplemap_registers'.
Generating RTLIL representation for module `\_90_shift_ops_shr_shl_sshl_sshr'.
Generating RTLIL representation for module `\_90_shift_shiftx'.
Generating RTLIL representation for module `\_90_fa'.
Generating RTLIL representation for module `\_90_lcu_brent_kung'.
Generating RTLIL representation for module `\_90_alu'.
Generating RTLIL representation for module `\_90_macc'.
Generating RTLIL representation for module `\_90_alumacc'.
Generating RTLIL representation for module `$__div_mod_u'.
Generating RTLIL representation for module `$__div_mod_trunc'.
Generating RTLIL representation for module `\_90_div'.
Generating RTLIL representation for module `\_90_mod'.
Generating RTLIL representation for module `$__div_mod_floor'.
Generating RTLIL representation for module `\_90_divfloor'.
Generating RTLIL representation for module `\_90_modfloor'.
Generating RTLIL representation for module `\_90_pow'.
Generating RTLIL representation for module `\_90_demux'.
Generating RTLIL representation for module `\_90_lut'.
Generating RTLIL representation for module `$connect'.
Generating RTLIL representation for module `$input_port'.
Successfully finished Verilog frontend.

2.43.5.2. Continuing TECHMAP pass.
No more expansions possible.
<suppressed ~129 debug messages>

2.43.6. Executing OPT pass (performing simple optimizations).

2.43.6.1. Executing OPT_EXPR pass (perform const folding).

2.43.6.2. Executing OPT_MERGE pass (detect identical cells).
Removed a total of 0 cells.

2.43.6.3. Executing OPT_MUXTREE pass (detect dead branches in mux trees).
Removed 0 multiplexer ports.

2.43.6.4. Executing OPT_REDUCE pass (consolidate $*mux and $reduce_* inputs).
Performed a total of 0 changes.

2.43.6.5. Executing OPT_MERGE pass (detect identical cells).
Removed a total of 0 cells.

2.43.6.6. Executing OPT_DFF pass (perform DFF optimizations).

2.43.6.7. Executing OPT_CLEAN pass (remove unused cells and wires).

2.43.6.8. Executing OPT_EXPR pass (perform const folding).

2.43.6.9. Finished fast OPT passes. (There is nothing left to do.)

2.43.7. Executing TECHMAP pass (map to technology primitives).

2.43.7.1. Executing Verilog-2005 frontend: /opt/homebrew/bin/../share/yosys/abc9_map.v
Parsing Verilog input from `/opt/homebrew/bin/../share/yosys/abc9_map.v' to AST representation.
Successfully finished Verilog frontend.

2.43.7.2. Continuing TECHMAP pass.
No more expansions possible.
<suppressed ~2 debug messages>

2.43.8. Executing Verilog-2005 frontend: /opt/homebrew/bin/../share/yosys/abc9_model.v
Parsing Verilog input from `/opt/homebrew/bin/../share/yosys/abc9_model.v' to AST representation.
Generating RTLIL representation for module `$__ABC9_DELAY'.
Generating RTLIL representation for module `$__ABC9_SCC_BREAKER'.
Generating RTLIL representation for module `$__DFF_N__$abc9_flop'.
Generating RTLIL representation for module `$__DFF_P__$abc9_flop'.
Successfully finished Verilog frontend.

2.43.9. Executing ABC9_OPS pass (helper functions for ABC9).
<suppressed ~15 debug messages>

2.43.10. Executing ABC9_OPS pass (helper functions for ABC9).

2.43.11. Executing ABC9_OPS pass (helper functions for ABC9).
<suppressed ~2 debug messages>

2.43.12. Executing TECHMAP pass (map to technology primitives).

2.43.12.1. Executing Verilog-2005 frontend: /opt/homebrew/bin/../share/yosys/techmap.v
Parsing Verilog input from `/opt/homebrew/bin/../share/yosys/techmap.v' to AST representation.
Generating RTLIL representation for module `\_90_simplemap_bool_ops'.
Generating RTLIL representation for module `\_90_simplemap_reduce_ops'.
Generating RTLIL representation for module `\_90_simplemap_logic_ops'.
Generating RTLIL representation for module `\_90_simplemap_compare_ops'.
Generating RTLIL representation for module `\_90_simplemap_various'.
Generating RTLIL representation for module `\_90_simplemap_registers'.
Generating RTLIL representation for module `\_90_shift_ops_shr_shl_sshl_sshr'.
Generating RTLIL representation for module `\_90_shift_shiftx'.
Generating RTLIL representation for module `\_90_fa'.
Generating RTLIL representation for module `\_90_lcu_brent_kung'.
Generating RTLIL representation for module `\_90_alu'.
Generating RTLIL representation for module `\_90_macc'.
Generating RTLIL representation for module `\_90_alumacc'.
Generating RTLIL representation for module `$__div_mod_u'.
Generating RTLIL representation for module `$__div_mod_trunc'.
Generating RTLIL representation for module `\_90_div'.
Generating RTLIL representation for module `\_90_mod'.
Generating RTLIL representation for module `$__div_mod_floor'.
Generating RTLIL representation for module `\_90_divfloor'.
Generating RTLIL representation for module `\_90_modfloor'.
Generating RTLIL representation for module `\_90_pow'.
Generating RTLIL representation for module `\_90_demux'.
Generating RTLIL representation for module `\_90_lut'.
Generating RTLIL representation for module `$connect'.
Generating RTLIL representation for module `$input_port'.
Successfully finished Verilog frontend.

2.43.12.2. Continuing TECHMAP pass.
No more expansions possible.
<suppressed ~134 debug messages>

2.43.13. Executing OPT pass (performing simple optimizations).

2.43.13.1. Executing OPT_EXPR pass (perform const folding).
Optimizing module atlas_adder.

2.43.13.2. Executing OPT_MERGE pass (detect identical cells).
Finding identical cells in module `\atlas_adder'.
Computing hashes of 0 cells of `\atlas_adder'.
Finding duplicate cells in `\atlas_adder'.
Removed a total of 0 cells.

2.43.13.3. Executing OPT_MUXTREE pass (detect dead branches in mux trees).
Running muxtree optimizer on module \atlas_adder..
  Creating internal representation of mux trees.
  No muxes found in this module.
Removed 0 multiplexer ports.

2.43.13.4. Executing OPT_REDUCE pass (consolidate $*mux and $reduce_* inputs).
  Optimizing cells in module \atlas_adder.
Performed a total of 0 changes.

2.43.13.5. Executing OPT_MERGE pass (detect identical cells).
Finding identical cells in module `\atlas_adder'.
Computing hashes of 0 cells of `\atlas_adder'.
Finding duplicate cells in `\atlas_adder'.
Removed a total of 0 cells.

2.43.13.6. Executing OPT_DFF pass (perform DFF optimizations).

2.43.13.7. Executing OPT_CLEAN pass (remove unused cells and wires).
Finding unused cells or wires in module \atlas_adder..

2.43.13.8. Executing OPT_EXPR pass (perform const folding).
Optimizing module atlas_adder.

2.43.13.9. Finished fast OPT passes. (There is nothing left to do.)

2.43.14. Executing AIGMAP pass (map logic to AIG).

2.43.15. Executing AIGMAP pass (map logic to AIG).
Module atlas_adder: replaced 10 cells with 61 new cells, skipped 34 cells.
  replaced 2 cell types:
       3 $_OR_
       7 $_XOR_
  not replaced 4 cell types:
       7 $_AND_
       1 $scopeinfo
      13 SB_DFF
      13 $paramod$__ABC9_DELAY\DELAY=32'00000000000000000000000000010101

2.43.15.1. Executing ABC9_OPS pass (helper functions for ABC9).

2.43.15.2. Executing ABC9_OPS pass (helper functions for ABC9).

2.43.15.3. Executing XAIGER backend.
<suppressed ~24 debug messages>
Extracted 31 AND gates and 105 wires from module `atlas_adder' to a netlist network with 22 inputs and 18 outputs.

2.43.15.4. Executing ABC9_EXE pass (technology mapping using ABC9).

2.43.15.5. Executing ABC9.
Running ABC command: "<yosys-exe-dir>/yosys-abc" -s -f <abc-temp-dir>/abc.script 2>&1
ABC: ======== ABC command line "source <abc-temp-dir>/abc.script"
ABC: + read_lut <abc-temp-dir>/input.lut 
ABC: + read_box <abc-temp-dir>/input.box 
ABC: + &read <abc-temp-dir>/input.xaig 
ABC: + &ps 
ABC: <abc-temp-dir>/input : i/o =     22/     18  and =      24  lev =    8 (0.90)  mem = 0.00 MB  box = 13  bb = 13
ABC: + &scorr 
ABC: Warning: The network is combinational.
ABC: + &sweep 
ABC: + &dc2 
ABC: + &dch -f -r 
ABC: + &ps 
ABC: <abc-temp-dir>/input : i/o =     22/     18  and =      24  lev =    8 (0.90)  mem = 0.00 MB  ch =    0  box = 13  bb = 13
ABC: cst =       0  cls =      0  lit =       0  unused =      59  proof =     0
ABC: + &if -W 250 -v 
ABC: K = 4. Memory (bytes): Truth =    0. Cut =   64. Obj =  144. Set =  672. CutMin = no
ABC: Node =      24.  Ch =     0.  Total mem =    0.01 MB. Peak cut mem =    0.00 MB.
ABC: P:  Del = 2322.00.  Ar =      10.0.  Edge =       28.  Cut =      171.  T =     0.00 sec
ABC: P:  Del = 2322.00.  Ar =       8.0.  Edge =       25.  Cut =      166.  T =     0.00 sec
ABC: P:  Del = 2322.00.  Ar =       7.0.  Edge =       22.  Cut =      171.  T =     0.00 sec
ABC: F:  Del = 2322.00.  Ar =       7.0.  Edge =       22.  Cut =      124.  T =     0.00 sec
ABC: A:  Del = 2322.00.  Ar =       7.0.  Edge =       22.  Cut =      124.  T =     0.00 sec
ABC: A:  Del = 2322.00.  Ar =       7.0.  Edge =       22.  Cut =      124.  T =     0.00 sec
ABC: Total time =     0.00 sec
ABC: + &write -n <abc-temp-dir>/output.aig 
ABC: + &mfs 
ABC: The network is not changed by "&mfs".
ABC: + &ps -l 
ABC: <abc-temp-dir>/input : i/o =     22/     18  and =      38  lev =    8 (0.90)  mem = 0.00 MB  box = 13  bb = 13
ABC: Mapping (K=4)  :  lut =      7  edge =      22  lev =    3 (0.32)  levB =    4  mem = 0.00 MB
ABC: LUT = 7 : 2=1 14.3 %  3=4 57.1 %  4=2 28.6 %  Ave = 3.14
ABC: + &write -n <abc-temp-dir>/output.aig 
ABC: + &verify 
ABC: Networks are equivalent.  Time =     0.00 sec
ABC: + time 
ABC: elapse: 0.01 seconds, total: 0.01 seconds

2.43.15.6. Executing AIGER frontend.
<suppressed ~11 debug messages>
Removed 68 unused cells and 129 unused wires.

2.43.15.7. Executing ABC_OPS_REINTEGRATE pass (reintegrate ABC mapped design into module).
ABC RESULTS:              $lut cells:        7
ABC RESULTS:           input signals:        5
ABC RESULTS:          output signals:       14
<suppressed ~80 debug messages>
Removing temp directory.

2.43.16. Executing TECHMAP pass (map to technology primitives).

2.43.16.1. Executing Verilog-2005 frontend: /opt/homebrew/bin/../share/yosys/abc9_unmap.v
Parsing Verilog input from `/opt/homebrew/bin/../share/yosys/abc9_unmap.v' to AST representation.
Generating RTLIL representation for module `$__DFF_x__$abc9_flop'.
Generating RTLIL representation for module `$__ABC9_SCC_BREAKER'.
Successfully finished Verilog frontend.

2.43.16.2. Continuing TECHMAP pass.
No more expansions possible.
<suppressed ~5 debug messages>

2.44. Executing ICE40_WRAPCARRY pass (wrap carries).

2.45. Executing TECHMAP pass (map to technology primitives).

2.45.1. Executing Verilog-2005 frontend: /opt/homebrew/bin/../share/yosys/ice40/ff_map.v
Parsing Verilog input from `/opt/homebrew/bin/../share/yosys/ice40/ff_map.v' to AST representation.
Generating RTLIL representation for module `$_DFF_N_'.
Generating RTLIL representation for module `$_DFF_P_'.
Generating RTLIL representation for module `$_DFFE_NP_'.
Generating RTLIL representation for module `$_DFFE_PP_'.
Generating RTLIL representation for module `$_DFF_NP0_'.
Generating RTLIL representation for module `$_DFF_NP1_'.
Generating RTLIL representation for module `$_DFF_PP0_'.
Generating RTLIL representation for module `$_DFF_PP1_'.
Generating RTLIL representation for module `$_DFFE_NP0P_'.
Generating RTLIL representation for module `$_DFFE_NP1P_'.
Generating RTLIL representation for module `$_DFFE_PP0P_'.
Generating RTLIL representation for module `$_DFFE_PP1P_'.
Generating RTLIL representation for module `$_SDFF_NP0_'.
Generating RTLIL representation for module `$_SDFF_NP1_'.
Generating RTLIL representation for module `$_SDFF_PP0_'.
Generating RTLIL representation for module `$_SDFF_PP1_'.
Generating RTLIL representation for module `$_SDFFCE_NP0P_'.
Generating RTLIL representation for module `$_SDFFCE_NP1P_'.
Generating RTLIL representation for module `$_SDFFCE_PP0P_'.
Generating RTLIL representation for module `$_SDFFCE_PP1P_'.
Successfully finished Verilog frontend.

2.45.2. Continuing TECHMAP pass.
No more expansions possible.
<suppressed ~22 debug messages>
Removed 1 unused cells and 129 unused wires.

2.46. Executing OPT_LUT pass (optimize LUTs).
Discovering LUTs.
Number of LUTs:        7
  2-LUT                1
  3-LUT                4
  4-LUT                2
  with \SB_CARRY    (#0)    0
  with \SB_CARRY    (#1)    0

Eliminating LUTs.
Number of LUTs:        7
  2-LUT                1
  3-LUT                4
  4-LUT                2
  with \SB_CARRY    (#0)    0
  with \SB_CARRY    (#1)    0

Combining LUTs.
Number of LUTs:        7
  2-LUT                1
  3-LUT                4
  4-LUT                2
  with \SB_CARRY    (#0)    0
  with \SB_CARRY    (#1)    0

Eliminated 0 LUTs.
Combined 0 LUTs.
<suppressed ~14 debug messages>

2.47. Executing TECHMAP pass (map to technology primitives).

2.47.1. Executing Verilog-2005 frontend: /opt/homebrew/bin/../share/yosys/ice40/cells_map.v
Parsing Verilog input from `/opt/homebrew/bin/../share/yosys/ice40/cells_map.v' to AST representation.
Generating RTLIL representation for module `$lut'.
Successfully finished Verilog frontend.

2.47.2. Continuing TECHMAP pass.
Using template $paramod$15942ac7be0dd725beac7480dcc74ee28533af66$lut for cells of type $lut.
Using template $paramod$lut\WIDTH=32'00000000000000000000000000000011\LUT=8'01110001 for cells of type $lut.
Using template $paramod$lut\WIDTH=32'00000000000000000000000000000011\LUT=8'10001110 for cells of type $lut.
Using template $paramod$lut\WIDTH=32'00000000000000000000000000000011\LUT=8'01101001 for cells of type $lut.
Using template $paramod$8d7e631403a80aa650e318c82a10887417c8ada0$lut for cells of type $lut.
Using template $paramod$lut\WIDTH=32'00000000000000000000000000000010\LUT=4'0110 for cells of type $lut.
No more expansions possible.
<suppressed ~88 debug messages>
Removed 0 unused cells and 14 unused wires.

2.48. Executing AUTONAME pass.
Renamed 27 objects in module atlas_adder.
<suppressed ~27 debug messages>

2.49. Executing HIERARCHY pass (managing design hierarchy).
Attribute `top' found on module `atlas_adder'. Setting top module to atlas_adder.

2.49.1. Analyzing design hierarchy..
Top module:  \atlas_adder

2.49.2. Analyzing design hierarchy..
Top module:  \atlas_adder
Removed 0 unused modules.

2.50. Printing statistics.

=== atlas_adder ===

        +----------Local Count, excluding submodules.
        | 
       18 wires
       56 wire bits
       18 public wires
       56 public wire bits
        4 ports
       14 port bits
        1 cells
        1   $scopeinfo
       20 submodules
       13   SB_DFF
        7   SB_LUT4

=== design hierarchy ===

        +----------Count including submodules.
        | 
        1 atlas_adder

        +----------Count including submodules.
        | 
       18 wires
       56 wire bits
       18 public wires
       56 public wire bits
        4 ports
       14 port bits
        - memories
        - memory bits
        - processes
        1 cells
        1   $scopeinfo
       20 submodules
       13   SB_DFF
        7   SB_LUT4

2.51. Executing CHECK pass (checking for obvious problems).
Checking module atlas_adder...
Found and reported 0 problems.

2.52. Executing JSON backend.

3. Executing Verilog backend.

3.1. Executing BMUXMAP pass.

3.2. Executing DEMUXMAP pass.
Dumping module `\atlas_adder'.

4. Printing statistics.

=== atlas_adder ===

        +----------Local Count, excluding submodules.
        | 
       18 wires
       56 wire bits
       18 public wires
       56 public wire bits
        4 ports
       14 port bits
       21 cells
        1   $scopeinfo
       13   SB_DFF
        7   SB_LUT4

